c --- [ banner ] -------------------------------------------------------------
c 
c CaDiCaL SAT Solver
c Copyright (c) 2016-2025
c A. Biere, M. Fleury, N. Froleyks, K. Fazekas, F. Pollitt, T. Faller
c JKU Linz, University of Freiburg, TU Wien
c 
c Version 3.0.0-0g+autarky+0f ce89ef57fb81e37ff9aa0de0c7fdb0ed4a9f23ee
c g++ (Ubuntu 13.3.0-6ubuntu2~24.04.1) 13.3.0 -Wall -Wextra -O3 -DNDEBUG
c Mon Jun 29 17:42:04 CEST 2026 Linux amelie-MacBookPro11-4 6.17.0-14-generic x86_64
c 
c --- [ parsing input ] ------------------------------------------------------
c 
c reading DIMACS file from '/home/amelie/Downloads/49-132779.cnf.xz'
c opening pipe to read '/home/amelie/Downloads/49-132779.cnf.xz'
c found '/usr/bin/xz' in path for 'xz'
c found 'p cnf 31504 809232' header
c parsed 809232 clauses in 0.32 seconds process time
c 
c --- [ options ] ------------------------------------------------------------
c 
c   --autarkies=true               (different from default 'false')
c   --autarkyafter=false           (different from default 'true')
c   --autarkyalgo=1                (different from default '0')
c   --autarkydelay=false           (different from default 'true')
c   --rephase=2                    (different from default '1')
c   --stats=true                   (different from default 'false')
c   --varindexorder=false          (different from default 'true')
c   --varkeepname=false            (different from default 'true')
c   --walkddfwstrat=4              (different from default '0')
c   --walkfullocc=2                (different from default '0')
c 
c --- [ solving ] ------------------------------------------------------------
c 
c time measured in process time since initialization
c 
c  seconds  reduction conflicts       size tier2        variables
c         MB    restarts   redundant    glue  trail          remaining
c          level     rate       size/glu tier1  irredundant
c 
c *  0.32 90  0 0   0  0    0    0 0.0 0 0 2 6  0% 809192 31492 100%
c (  0.33 90  0 0   0  0    0    0 0.0 0 0 2 6  0% 809192 31492 100%
c .  0.33 90  0 0   0  0    0    0 0.0 0 0 2 6  0% 809088 31492 100%
c f  3.25 130  0 0   0  0    0    0 0.0 0 0 2 6  0% 281671 80009 254%
c e  3.98 136  0 0   0  0    0    0 0.0 0 0 2 6  0% 273580 72303 230%
c s  4.15 141  0 0   0  0    0    0 0.0 0 0 2 6  0% 273440 72303 230%
c e  4.33 141  0 0   0  0    0    0 0.0 0 0 2 6  0% 272642 71925 228%
c s  4.36 141  0 0   0  0    0    0 0.0 0 0 2 6  0% 272513 71925 228%
c e  4.45 141  0 0   0  0    0    0 0.0 0 0 2 6  0% 272095 71724 228%
c s  4.47 141  0 0   0  0    0    0 0.0 0 0 2 6  0% 271976 71724 228%
c e  4.64 141  0 0   0  0    0    0 0.0 0 0 2 6  0% 271544 71540 227%
c e  5.12 141  0 0   0  0    0    0 0.0 0 0 2 6  0% 271433 71503 227%
c s  5.15 147  0 0   0  0    0    0 0.0 0 0 2 6  0% 271356 71503 227%
c e  5.31 147  0 0   0  0    0    0 0.0 0 0 2 6  0% 271282 71464 227%
c s  5.34 147  0 0   0  0    0    0 0.0 0 0 2 6  0% 271249 71464 227%
c e  5.50 147  0 0   0  0    0    0 0.0 0 0 2 6  0% 271187 71442 227%
c s  5.53 147  0 0   0  0    0    0 0.0 0 0 2 6  0% 271174 71442 227%
c e  5.65 147  0 0   0  0    0    0 0.0 0 0 2 6  0% 271173 71439 227%
c P  5.72 147  0 0   0  0    0    0 0.0 0 0 2 6  0% 271173 71439 227%
c )  5.72 147  0 0   0  0    0    0 0.0 0 0 2 6  0% 271173 71439 227%
c 
c  seconds   reduction conflicts       size tier2        variables
c          MB    restarts   redundant    glue  trail          remaining
c           level     rate       size/glu tier1  irredundant
c 
c {  5.73 147  0 0   0  0    0    0 0.0 0 0 2 6  0% 271173 71439 227%
c -  5.84 149 468 1   0  3  300   49 1.1 21 18 2 6  3% 271173 71439 227%
c -  5.92 149 471 2   0  2  921  111 1.2 22 19 2 6  3% 271173 71439 227%
c }  5.92 149 471 2   0  2 1001  162 1.2 22 19 2 6  3% 271173 71439 227%
c [  5.92 149  0 2   0  0 1001  162 0.0 0 0 2 6  0% 271173 71439 227%
c ]  5.94 149 574 2   0  1 1746  718 1.7 14 8 2 6  4% 271173 71439 227%
c {  5.94 149 471 2   0  2 1746  718 1.2 22 19 2 6  3% 271173 71439 227%
c -  6.01 149 471 3   0  1 2009  400 1.2 22 19 2 6  3% 271173 71439 227%
c -  6.39 155 481 4   6  2 3617  538 1.2 23 18 2 6 25% 271173 71439 227%
c }  6.41 155 404 4  19  2 4529 1058 1.2 23 19 2 6  6% 271173 71439 227%
c [  6.41 155 574 4  19  1 4529 1058 1.7 14 8 2 6  5% 271173 71439 227%
c partition size: 9
c Autarky Decompostiton: Split 2616 literals into 9 independent omegas
c size of 32861: 280
c size of 27416: 884
c size of 27085: 211
c size of 36173: 77
c size of 26794: 179
c size of 26586: 125
c size of 26221: 28
c size of 26349: 692
c size of 26193: 140
c autarky applied
c a  6.56 189 437 4  19  1 4785  693 1.7 15 9 2 6  4% 263570 68823 218%
c I  6.56 189 436 4  19  1 4786  694 1.7 15 9 2 6  4% 263570 68823 218%
c -  6.66 189 227 5  20  1 5773  550 1.6 17 11 5 11  2% 263570 68823 218%
c B  6.91 189 155 5  21  1 6791 1343 1.6 18 11 5 11  1% 263570 68823 218%
c ]  6.91 189 149 5  21  1 6906 1422 1.7 18 11 5 11  1% 263570 68823 218%
c {  6.91 189 404 5  21  2 6906 1422 1.2 23 19 2 6  6% 263570 68823 218%
c -  7.07 189 345 6  54  9 8480 2365 1.4 26 18 17 18  4% 263570 68823 218%
c s  7.28 189 298 6  62  8 9367 2832 1.4 25 17 16 18  3% 263565 68823 218%
c e  7.74 189 298 6  62  8 9367 2136 1.4 25 17 16 18  3% 263020 68261 217%
c 
c  seconds    reduction conflicts       size    tier2         variables
c          MB     restarts   redundant     glue     trail          remaining
c            level     rate       size/glue  tier1    irredundant
c 
c s  7.76 189 298 6  62  8 9367 2113 1.4 25 17 16 18  3% 262979 68261 217%
c e  7.82 189 298 6  62  8 9367 2113 1.4 25 17 16 18  3% 262939 68238 217%
c }  7.89 189 270 6  69  7 10252 2816 1.5 26 17 16 18  3% 262939 68238 217%
c [  7.90 189 149 6  69  1 10252 2816 1.7 18 11 5 11  1% 262939 68238 217%
c -  8.02 189 119 7  70  1 11755 3361 1.6 19 12 5 11  1% 262939 68238 217%
c partition size: 4
c Autarky Decompostiton: Split 883 literals into 4 independent omegas
c size of 25418: 293
c size of 25379: 69
c size of 25517: 381
c size of 28790: 140
c autarky applied
c a  8.29 192 97 7  71  1 13140 4366 1.5 22 15 5 11  1% 260425 67355 214%
c W  8.54 192 97 7  71  1 13141 4367 1.5 22 15 5 11  1% 260425 67355 214%
c ]  8.58 192 88 7  72  1 14176 5172 1.5 24 16 8 19  1% 260425 67355 214%
c {  8.58 192 270 7  72  7 14176 5172 1.5 26 17 16 18  3% 260425 67355 214%
c -  8.72 192 229 8  79  6 15602 5074 1.5 25 17 16 18  3% 260425 67355 214%
c s  9.00 192 194 8  79  5 17152 5683 1.5 24 16 16 18  2% 260376 67355 214%
c e  9.11 192 194 8  79  5 17152 5683 1.5 24 16 16 18  2% 260341 67337 214%
c s  9.12 192 194 8  79  5 17152 5563 1.5 24 16 16 18  2% 260332 67337 214%
c e  9.19 192 194 8  79  5 17152 5563 1.5 24 16 16 18  2% 260255 67309 214%
c -  9.39 192 152 9  79  4 20021 7227 1.5 22 14 16 18  2% 260255 67309 214%
c }  9.56 192 140 9  85  4 21193 8010 1.5 21 14 16 18  2% 260255 67309 214%
c [  9.56 192 88 9  85  1 21193 8010 1.5 24 16 8 19  1% 260255 67309 214%
c partition size: 18
c Autarky Decompostiton: Split 7024 literals into 18 independent omegas
c size of 41298: 128
c size of 70076: 1067
c size of 69462: 342
c size of 36143: 94
c size of 68681: 169
c size of 33983: 605
c size of 34692: 57
c size of 68999: 1764
c size of 33210: 176
c size of 36720: 185
c size of 68359: 470
c size of 41254: 224
c size of 40163: 100
c size of 40701: 98
c size of 38207: 103
c size of 69265: 508
c size of 56679: 116
c size of 58874: 818
c autarky applied
c a  9.95 266 70 9  86  1 24159 10162 1.4 25 18 10 21  1% 238528 60285 191%
c F 10.04 266 70 9  86  1 24160 10163 1.4 25 18 10 21  1% 238528 60285 191%
c - 10.10 266 67 10  86  1 25028 9267 1.4 25 18 10 21  1% 238528 60285 191%
c 
c  seconds   reductions  conflicts        size    tier2         variables
c          MB     restarts     redundant     glue     trail          remaining
c           level      rate         size/glue  tier1    irredundant
c 
c ] 10.51 266 65 10  88  1 28054 11530 1.4 25 18 10 21  1% 238528 60285 191%
c { 10.51 266 140 10  88  4 28054 11530 1.5 21 14 16 18  2% 238528 60285 191%
c s 10.59 266 134 10  88  4 28868 11183 1.5 21 14 16 18  2% 238520 60285 191%
c e 10.71 266 134 10  88  4 28868 11183 1.5 21 14 16 18  2% 238514 60272 191%
c s 10.76 266 134 10  88  4 28868 10799 1.5 21 14 16 18  2% 238512 60272 191%
c - 11.01 266 122 11  88  4 30477 10898 1.5 21 14 16 18  2% 238512 60272 191%
c - 11.38 266 90 12 109  3 36488 14181 1.5 19 13 16 18  2% 238512 60272 191%
c } 11.59 266 84 12 116  3 38366 15296 1.5 19 13 9 16  2% 238512 60272 191%
c [ 11.59 266 65 12 116  1 38366 15296 1.4 25 18 10 21  1% 238512 60272 191%
c i 11.60 266 64 12 116  1 38620 15400 1.4 25 18 10 21  1% 238512 60271 191%
c B 11.65 266 62 12 117  1 39480 15941 1.4 24 17 10 21  1% 238502 60271 191%
c - 11.88 266 66 13 119  1 43065 12179 1.3 27 20 10 21  2% 238502 60271 191%
c f 12.19 266 66 13 119  1 43065 12179 1.3 27 20 10 21  2% 237361 61222 194%
c s 12.36 266 97 13 120  1 44747 9834 1.3 28 21 10 21  2% 237361 61222 194%
c e 12.54 266 97 13 120  1 44747 9438 1.3 28 21 10 21  2% 236896 60400 192%
c s 12.58 266 97 13 120  1 44747 8962 1.3 28 21 10 21  2% 236893 60400 192%
c e 12.65 266 97 13 120  1 44747 8962 1.3 28 21 10 21  2% 236893 60399 192%
c partition size: 1
c autarky applied
c a 12.82 272 95 13 121  1 45484 9589 1.4 28 20 10 21  2% 234788 59722 190%
c W 13.12 272 95 13 121  1 45485 9590 1.4 28 20 10 21  2% 234788 59722 190%
c ] 13.23 272 82 13 121  1 49024 11978 1.4 26 19 10 21  2% 234788 59722 190%
c 
c  seconds   reductions  conflicts        size   tier2         variables
c          MB     restarts     redundant     glue    trail          remaining
c           level      rate         size/glue  tier1   irredundant
c 
c { 13.23 272 84 13 121  3 49024 11978 1.5 19 13 9 16  2% 234788 59722 190%
c - 13.36 272 81 14 129  3 50211 10428 1.5 19 12 9 16  2% 234788 59722 190%
c - 13.92 272 66 15 262  2 57890 14748 1.6 20 12 9 16  2% 234788 59722 190%
c } 14.13 272 58 15 299  2 62737 17949 1.6 19 12 9 16  2% 234788 59722 190%
c [ 14.13 272 82 15 299  1 62737 17949 1.4 26 19 10 21  2% 234788 59722 190%
c s 14.26 272 77 15 300  1 64465 15465 1.4 25 18 10 21  2% 234780 59722 190%
c s 14.41 272 77 15 300  1 64465 14905 1.4 25 18 10 21  2% 234780 59722 190%
c ^ 14.45 272 77 15 300  1 64465 14905 1.4 25 18 10 21  2% 234780 59722 190%
c - 14.54 272 74 16 300  1 66138 14589 1.4 25 18 10 21  2% 234780 59722 190%
c partition size: 3
c Autarky Decompostiton: Split 6731 literals into 3 independent omegas
c size of 44187: 2213
c size of 61109: 688
c size of 60733: 3830
c autarky applied
c a 15.39 547 73 16 300  1 66210 12953 1.4 25 18 10 21  2% 210856 52991 168%
c # 15.48 547 73 16 300  1 66211 12954 1.4 25 18 10 21  1% 210856 52991 168%
c B 15.77 547 61 16 303  1 74233 19194 1.4 24 17 10 19  1% 210856 52991 168%
c - 15.83 547 61 17 303  1 74949 17070 1.4 24 17 10 19  1% 210856 52991 168%
c f 16.14 547 61 17 303  1 74949 17070 1.4 24 17 10 19  1% 210495 53151 169%
c ] 16.25 547 60 17 304  1 76514 18263 1.4 25 18 10 19  1% 210495 53151 169%
c { 16.25 547 58 17 304  2 76514 18263 1.6 19 12 9 16  2% 210495 53151 169%
c - 16.51 547 50 18 410  2 84011 20767 1.6 18 11 9 16  2% 210495 53151 169%
c s 16.93 547 47 18 488  2 88167 19085 1.6 18 11 9 16  2% 210495 53151 169%
c e 17.31 549 47 18 488  2 88167 16216 1.6 18 11 9 16  2% 219227 44192 140%
c s 17.42 549 47 18 488  2 88167 15995 1.6 18 11 9 16  2% 219167 44192 140%
c 
c  seconds   reductions  conflicts        size   tier2         variables
c          MB     restarts     redundant     glue    trail          remaining
c           level      rate         size/glue  tier1   irredundant
c 
c e 17.50 549 47 18 488  2 88167 15995 1.6 18 11 9 16  2% 219097 44152 140%
c - 17.82 549 43 19 562  2 93602 17403 1.6 18 11 9 16  2% 219097 44152 140%
c } 17.93 549 42 19 606  2 95418 18543 1.6 18 11 9 16  2% 219097 44152 140%
c [ 17.93 549 60 19 606  1 95418 18543 1.4 25 18 10 19  1% 219097 44152 140%
c W 18.78 549 55 19 609  1 102148 23632 1.4 25 18 10 19  1% 219097 44152 140%
c - 18.87 549 54 20 610  1 103855 21871 1.4 25 18 10 19  1% 219097 44152 140%
c f 19.06 549 54 20 610  1 103855 21871 1.4 25 18 10 19  1% 216776 45104 143%
c ] 19.36 549 48 20 616  1 111606 27654 1.4 25 17 10 19  1% 216776 45104 143%
c { 19.36 549 42 20 616  2 111606 27654 1.6 18 11 9 16  2% 216776 45104 143%
c - 19.50 549 40 21 697  2 114655 26188 1.7 18 11 9 16  2% 216776 45104 143%
c s 20.05 549 37 21 856  2 120523 27048 1.7 18 11 9 16  2% 216712 45104 143%
c e 20.19 549 37 21 856  2 120523 26898 1.7 18 11 9 16  2% 217006 44412 141%
c s 20.32 549 37 21 856  2 120523 26547 1.7 18 11 9 16  2% 216991 44412 141%
c e 20.39 549 37 21 856  2 120523 26547 1.7 18 11 9 16  2% 216922 44387 141%
c - 20.69 549 35 22 915  2 125967 27589 1.7 18 11 9 16  2% 216922 44387 141%
c } 21.13 549 31 22 991  2 135694 33786 1.6 17 11 9 16  2% 216922 44387 141%
c [ 21.13 549 48 22 991  1 135694 33786 1.4 25 17 10 19  1% 216922 44387 141%
c partition size: 1
c autarky applied
c a 21.24 559 48 22 991  1 136250 34122 1.4 25 17 9 18  1% 213550 43601 138%
c O 21.24 559 48 22 991  1 136251 34123 1.4 25 17 9 18  1% 213550 43601 138%
c - 21.36 559 47 23 991  1 137822 32588 1.4 25 17 9 18  1% 213550 43601 138%
c 
c  seconds   reductions  conflicts         size   tier2         variables
c          MB     restarts      redundant     glue    trail          remaining
c           level      rate          size/glue  tier1   irredundant
c 
c u 21.71 559 47 23 991  1 137822 31409 1.4 25 17 9 18  1% 213550 43601 138%
c v 21.73 559 47 23 991  1 137822 30178 1.4 25 17 9 18  1% 213550 43601 138%
c x 21.77 559 47 23 991  1 137822 30178 1.4 25 17 9 18  1% 213483 43601 138%
c f 21.90 559 47 23 991  1 137822 30178 1.4 25 17 9 18  1% 211439 44431 141%
c B 22.30 559 44 23 992  1 147269 36896 1.4 24 17 9 18  1% 211439 44431 141%
c - 22.45 559 43 24 993  1 150162 34066 1.4 25 17 9 18  1% 211439 44431 141%
c ] 22.73 559 41 24 993  1 155222 37621 1.4 25 17 9 18  1% 211439 44431 141%
c { 22.73 559 31 24 993  2 155222 37621 1.6 17 11 9 16  2% 211439 44431 141%
c s 22.98 559 31 24 1018  2 157148 32106 1.6 17 10 9 16  2% 211428 44431 141%
c e 23.13 559 31 24 1018  2 157148 32003 1.6 17 10 9 16  2% 211663 43902 139%
c s 23.32 559 31 24 1018  2 157148 31143 1.6 17 10 9 16  2% 211632 43902 139%
c e 23.39 559 31 24 1018  2 157148 31143 1.6 17 10 9 16  2% 211629 43898 139%
c - 23.65 559 29 25 1149  2 163001 32958 1.6 17 10 9 16  2% 211629 43898 139%
c f 23.83 559 29 25 1149  2 163001 32958 1.6 17 10 9 16  2% 210409 44398 141%
c - 24.41 559 26 26 1378  2 176380 39328 1.6 16 10 9 16  2% 210409 44398 141%
c } 24.75 559 25 26 1511  2 184140 44157 1.6 16 10 9 16  2% 210409 44398 141%
c [ 24.75 559 41 26 1511  1 184140 44157 1.4 25 17 9 18  1% 210409 44398 141%
c W 25.65 559 40 26 1511  1 188213 46916 1.4 24 17 9 18  1% 210409 44398 141%
c - 25.82 559 40 27 1511  1 190270 45288 1.4 24 17 9 18  1% 210409 44398 141%
c 
c caught signal 2 (SIGINT)
c 
c --- [ result ] -------------------------------------------------------------
c 
c UNKNOWN
c 
c --- [ run-time profiling ] -------------------------------------------------
c 
c process time taken by individual solving procedures
c (percentage relative to process time for solving)
c 
c        13.29   51.26% search
c        12.36   47.68% simplify
c         5.84   22.54% stable
c         5.70   21.98% unstable
c         5.39   20.80% preprocess
c         3.38   13.04% factor
c         1.75    6.77% fastelim
c         1.73    6.68% walk
c         1.70    6.57% elim
c         1.66    6.40% autarky
c         1.57    6.06% subsume
c         0.88    3.38% congruence
c         0.58    2.23% sweep
c         0.32    1.24% parse
c         0.16    0.61% backbone
c         0.11    0.43% vivify
c         0.08    0.31% probe
c         0.01    0.06% lucky
c   =================================
c        25.92   98.78% solve
c 
c last line shows process time for solving
c (percentage relative to total process time)
c 
c --- [ statistics ] ---------------------------------------------------------
c 
c autarkies:                 18717        22.44 %  of vars
c   autartried:                 12     16499.67    per interval
c   autarrounds:                 6         0.50    per tried
c   autarsaved:          239597283   39932880.50    per success
c blocked:                       0         0.00 %  of irredundant clauses
c   blockings:                   0         0.00    internal
c   candidates:                  0         0.00    per blocking 
c   blockres:                    0         0.00    per candidate
c   pure:                        0         0.00 %  of all variables
c   pureclauses:                 0         0.00    per pure literal
c chronological:             45845        23.15 %  of conflicts
c compacts:                      4     49499.00    interval
c conflicts:                197996      7638.35    per second
c   backtracked:            220478       111.35 %  of conflicts
c inc-decay:                     0         0.00 %   per search
c backbone:                1250892      1499.62 %  of vars
c    rounds:                    37         0.76    per phase
c    phases:                    49      4040.73    interval
c    units:                      0         0.00    per phase
c dedup-init-rnds:               0         0.00 %  of interval
c dedup-init:                    0         0.00 %  of subsumed
c conditioned:                   0         0.00 %  of irredundant clauses
c   conditionings:               0         0.00    interval
c   condcands:                   0         0.00    candidate clauses
c   condassinit:                 0.0       0.00 %  initial assigned
c   condcondinit:                0.0       0.00 %  initial condition
c   condautinit:                 0.0       0.00 %  initial autarky
c   condassrem:                  0.0       0.00 %  final assigned
c   condcondrem:                 0.000     0.00 %  final conditional
c   condautrem:                  0.000     0.00 %  final autarky
c   condprops:                   0         0.00    per candidate
c covered:                       0         0.00 %  of irredundant clauses
c   coverings:                   0         0.00    interval
c   asymmetric:                  0         0.00 %  of covered clauses
c   blocked:                     0         0.00 %  of covered clauses
c decisions:                304232     11736.75    per second
c   searched:              1008920         3.32    per decision
c rand. dec phase:              15         0.00    per interval
c random decs:                1306        87.07    per phase
c eliminated:                39003        46.76 %  of all variables
c   fastelim:                 8570        21.97 %  of eliminated
c   elimphases:                  9     21999.56    interval
c   elimrounds:                 15         1.67    per phase
c   elimtried:              340085        11.47 %  eliminated
c   elimgates:                   5         0.00 %  gates per tried
c   elimequivs:                  0         0.00 %  equivalence gates
c   elimands:                    5       100.00 %  and gates
c   elimites:                    0         0.00 %  if-then-else gates
c   elimxors:                    0         0.00 %  xor gates
c   elimdefs:                    0         0.00 %  definitions
c   elimsubst:                   2         0.01 %  substituted
c   elimsubstequi:               0         0.00 %  equivalence gates
c   elimsubstands:             543     27150.00 %  and gates
c   elimsubstites:               0         0.00 %  if-then-else gates
c   elimsubstxors:               0         0.00 %  xor gates
c   elimsubstdefs:               0         0.00 %  definitions
c   elimres:               4187705       107.37    per eliminated
c   elimrestried:          2409223        57.53 %  per resolution
c   def checked:                 0         0.00    per phase
c   def extracted:               0         0.00 %  per checked
c   def units:                   0         0.00 %  per checked
c ext.prop. calls:               0         0.00 %  of queries
c   propagating:                 0         0.00 %  per eprop-call
c   explained:                   0         0.00 %  per eprop-call
c   falsified:                   0         0.00 %  per eprop-call
c ext.clause calls:              0         0.00 %  of queries
c   learned:                     0         0.00 %  per called
c   conflicting:                 0         0.00 %  per learned
c   propagating:                 0         0.00 %  per learned
c ext.final check:               0         0.00 %  of queries
c factored:                  51910       111.79 %  of variables
c   ands:                    51910       100.00 %  of factored
c   xors:                        0         0.00 %  of factored
c   ites:                        0         0.00 %  of factored
c   eliminated:              26566        51.18 %  of factored
c   factor:                      6     32999.33    conflict interval
c   cls factored:           496757         9.57    per factored
c   lits factored:          993920        19.15    per factored
c   cls unfactored:        1031261        19.87    per factored
c   cls redundant:               0         0.00 %  of unfactored
c   lits unfactored:       2063713        39.76    per factored
c fixed:                        13         0.02 %  of all variables
c   failed:                      0         0.00 %  of all variables
c   probefailed:                 0         0.00 %  per failed
c   transredunits:               0         0.00 %  per failed
c   inprobephases:              24      8249.83    interval
c   inprobesuccess:              5        20.83 %  phases
c   probingrounds:              24         1.00    per phase
c   probed:                      1         0.00    per failed
c   hbrs:                        0         0.00    per probed
c   hbrsizes:                    0         0.00    per hbr
c   hbreds:                      0         0.00 %  per hbr
c   hbrsubs:                     0         0.00 %  per hbr
c   units:                       1    197996.00    interval
c   binaries:                    8     24749.50    interval
c flushed:                       0         0.00 %  per conflict
c   hyper:                       0         0.00 %  per conflict
c   flushings:                   0         0.00    interval
c instantiated:                  0         0.00 %  of tried
c   instrounds:                  0         0.00 %  of elimrounds
c learned:                  193142        97.55 %  per conflict
c   bumped:                1504173         7.79    per learned
c   recomputed:             643683       333.27 %  per learned
c   promoted1:               12402         6.42 %  per learned
c   promoted2:                3119         1.61 %  per learned
c   improvedglue:            85177        44.10 %  per learned
c lucky:                         0         0.00 %  of tried
c   constantzero                 0         0.00 %  of tried
c   constantone                  0         0.00 %  of tried
c   backwardone                  2       100.00 %  of tried
c   backwardzero                 2       100.00 %  of tried
c   forwardone                   2       100.00 %  of tried
c   forwardzero                  2       100.00 %  of tried
c   positivehorn                 0         0.00 %  of tried
c   negativehorn                 0         0.00 %  of tried
c   units:                       0         0.00  of tried
c   extendbytes:         406705660       387.86    bytes and MB
c learned_lits:            8513877       100.00 %  learned literals
c minimized:                     0         0.00 %  learned literals
c shrunken:                4109658        48.27 %  learned literals
c minishrunken:             516865         6.07 %  learned literals
c otfs:                        460         0.23 %  of conflict
c   subsumed                    11         0.01 %  of conflict
c   strengthened               449         0.23 %  of conflict
c propagations:           28937933         1.12 M  per second
c   coverprops:                  0         0.00 %  of propagations
c   probeprops:                177         0.00 %  of propagations
c   searchprops:          25740912        88.95 %  of propagations
c   transredprops:         2483385         8.58 %  of propagations
c   vivifyprops:            713459         2.47 %  of propagations
c reactivated:                   0         0.00 %  of all variables
c reduced:                   51333        25.93 %  per conflict
c   reductions:                 27      7333.19    interval
c   sqrt scheme:                 0         0.00 %  reductions
c   prct scheme:                 0         0.00 %  reductions
c   collections:                32      6187.38    interval
c rephased:                     12     16499.67    interval
c   rephasedbest:                4        33.33 %  rephased best
c   rephasedflip:                1         8.33 %  rephased flipping
c   rephasedinv:                 1         8.33 %  rephased inverted
c   rephasedorig:                1         8.33 %  rephased original
c   rephasedrand:                1         8.33 %  rephased random
c   rephasedwalk:                4        33.33 %  rephased walk
c rescored:                     12     16499.67    interval
c restarts:                   1515       130.69    interval
c   reused:                   1404        92.67 %  per restart
c   reusedlevels:            10595        15.90 %  per restart levels
c restored:                      0         0.00 %  per weakened
c   restorations:                0         0.00 %  per extension
c   literals:                    0         0.00    per restored clause
c stabilizing:                   9        44.34 %  of conflicts
c   restartstab:                34         2.24 %  of all restarts
c   reusedstab:                 26        76.47 %  per stable restarts
c substituted:                   0         0.00 %  of all variables
c   decompositions:             24         1.00    per phase
c sweep equivs:                  0         0.00 %  of swept variables
c   sweepings:                   4       382.75    vars per sweeping
c   swept vars:               1531         1.84 %  of all variables
c   sweep units:                 0         0.00 %  of all variables
c   solved:                  13323         8.70    per swept variable
c   sat:                     12918        96.96 %  solved
c   unsat:                     405         3.04 %  solved
c   backbone solved:          9100        68.30 %  solved
c     sat:                    9100       100.00 %  backbone solved
c     unsat:                     0         0.00 %  backbone solved
c     unknown:                   0         0.00 %  backbone solved
c     fixed:                     0         0.00   per swept variable
c     flip:                 229017       149.59   per swept variable
c     flipped:              161525        70.53 %  of backbone flip
c   equiv solved:             2692        20.21 %  solved
c     sat:                    2287        84.96 %  equiv solved
c     unsat:                   405        15.04 %  equiv solved
c     unknown:                   0         0.00 %  equiv solved
c     flip:                  92158        60.19    per swept variable
c     flipped:              103028       111.79 %  of equiv flip
c   depth:                    3062         2.00    per swept variable
c   environment:            178005       116.27    per swept variable
c   clauses:                118660        77.50    per swept variable
c   completed:                   0         0.00    sweeps to complete
c subsumed:                  89679         5.58 %  of all clauses
c   subsumephases:               9     21999.56    interval
c   subsumerounds:              23         2.56    per phase
c   deduplicated:                0         0.00 %  per subsumed
c   transreds:                  32      6187.38    interval
c   transitive:                  0         0.00 %  per subsumed
c   subirr:                    821         0.92 %  of subsumed
c   subred:                  33187        37.01 %  of subsumed
c   subtried:               330027         3.68    tried per subsumed
c   subchecks:            58541191       177.38    per tried
c   subchecks2:              16773         0.03 %  per subcheck
c   elimotfsub:                  0         0.00 %  of subsumed
c   elimbwsub:                 909         1.01 %  of subsumed
c   eagersub:                54751        61.05 %  of subsumed
c   eagertried:            4249102        77.61    tried per eagersub
c strengthened:              33051         2.06 %  of all clauses
c   elimotfstr:               5382        16.28 %  of strengthened
c   elimbwstr:                1599         4.84 %  of strengthened
c ternary:                       0         0.00 %  of resolved
c   phases:                      0         0.00    interval
c   htr3:                        0         0.00 %  ternary hyper ternres
c   htr2:                        0         0.00 %  binary hyper ternres
c ticks:                 293180925        11.39    propagation
c  searchticks:          155346310        52.99 %  totalticks
c    stableticks:         73016079        47.00 %  searchticks
c    unstableticks:       82330231        53.00 %  searchticks
c  inprobeticks:         137834615        47.01 %  totalticks
c    backboneticks:        2986376         1.92 %  searchticks
c    factorticks:        116294387        74.86 %  searchticks
c    probeticks:           7559304         4.87 %  searchticks
c    sweepticks:           6014632         3.87 %  searchticks
c    ternaryticks:               0         0.00 %  searchticks
c    vivifyticks:          4979916         3.21 %  searchticks
c    walkticks:           11621119         7.48 %  searchticks
c    walkflipticks:        3210839         2.07 %  searchticks
c    walkflipbrk:          1036321         0.67 %  searchticks
c    walkflipWL:           2174518         1.40 %  searchticks
c    walkpickticks:              0         0.00 %  searchticks
c    walkbreak:                  0         0.00 %  searchticks
c tier recomputed:              17     11646.82    interval
c trail reuses:                  0         0.00 %  of incremental calls
c   levels:                      0         0.00    per reuse
c   literals:                    0         0.00    per reuse
c   assumptions:                 0         0.00    per reuse
c vivified:                   2965         0.18 %  of all clauses
c   vivifications:               1    197996.00    interval
c   vivifychecks:             8020         4.05 %  per conflict
c   vivified:                  601         7.49 %  per check
c   vified-irred:              114        18.97 %  per vivified
c   vified-tier1:              335        55.74 %  per vivified
c   vified-tier2:              152        25.29 %  per vivified
c   vified-tier3:                0         0.00 %  per vivified
c   vivifysched:             15000        53.47 %  checks per scheduled
c   vivifyunits:                 0         0.00 %  per vivify check
c   vivifyinst:                  0         0.00 %  per vivify check
c   vivifysubs:               2363         2.63 %  per subsumed
c   vivifyflushed:               0         0.00 %  per subsumed
c   vivifysubred:             2361        99.92 %  per subs
c   vivifysubirr:                2         0.08 %  per subs
c   vivifystrs:                487         1.47 %  per strengthened
c   vivifystrirr:               49        10.06 %  per vivifystrs
c   vivifystred1:              294        60.37 %  per vivifystrs
c   vivifystred2:              144        29.57 %  per viviyfstrs
c   vivifystred3:                0         0.00 %  per vivifystrs
c   vivifydemote:                0         0.00 %  per vivifystrs
c   vivifydecs:              38883         4.85    per checks
c   vivifyreused:            85924       220.98 %  per non-reused decision
c walked:                        4     49499.00    interval
c   prop-warmup:            223260     55815.00    per warmup
c   dec-warmup:              45314     11328.50    per warmup
c   dummydec-w:               7633      1908.25    per warmup
c   conflicts:                1622       405.50    per warmup
c   warmup:                      4         1.00    per walk
c   flips:                  450024         0.26 M  per second
c   minimum:                    64         0.00 %  clauses
c   broken:               51512814       114.47    per flip
c   improved:                    4         1.00    per walk
c   wrv-flip:               450024       100.00 % flip
c   side-flip:                   0         0.00 % flip
c   wght-transfer:            5520         1.23 % flip
c weakened:                 103937         3.41    average size
c   extensions:                  0         0.00    interval
c   flipped:                     0         0.00    per weakened
c congruence:                    6     32999.33    interval
c    units:                      0         0.00    per congruent
c    cong-and:                   0         0.00    per found gates
c    cong-ite:                   0         0.00    per found gates
c    cong-xor:                   0         0.00    per found gates
c    congruent:                  0         0.00    per round
c    unaries:                    0         0.00    per round
c    rewritten:                  0         0.00    per round
c    rewri.-ands:                0         0.00    per rewritten
c    rewri.-xors:                0         0.00%  per rewritten
c    rewri.-ites:                0         0.00%  per rewritten
c    subsumed:                   0         0.00%  per round
c    dummy-ands:                 0         0.00%  per round
c 
c seconds are measured in process time for solving
c 
c --- [ glue usage ] ---------------------------------------------------------
c 
c focused glue 9 used 29767 clauses 9.634% accumulated 75.57% tier1
c focused glue 10 used 19859 clauses 6.427% accumulated 81.99%
c focused glue 11-14 used 33816 clauses 10.94% accumulated 92.94%
c focused glue 15 used 4671 clauses 1.511% accumulated 94.45%
c focused glue 16 used 5101 clauses 1.650% accumulated 96.10% tier2
c 
c stable glue 9 used 21310 clauses 6.444% accumulated 56.15% tier1
c stable glue 10 used 17401 clauses 5.262% accumulated 61.41%
c stable glue 11-15 used 61202 clauses 18.50% accumulated 79.91%
c stable glue 16 used 7840 clauses 2.370% accumulated 82.29%
c stable glue 17 used 6861 clauses 2.074% accumulated 84.36% tier2
c 
c 
c --- [ resources ] ----------------------------------------------------------
c 
c total process time since initialization:        26.24    seconds
c total real time since initialization:           26.27    seconds
c maximum resident set size of process:          682.84    MB
c 
c raising signal 2 (SIGINT)
