c --- [ banner ] -------------------------------------------------------------
c 
c CaDiCaL SAT Solver
c Copyright (c) 2016-2025
c A. Biere, M. Fleury, N. Froleyks, K. Fazekas, F. Pollitt, T. Faller
c JKU Linz, University of Freiburg, TU Wien
c 
c Version 3.0.0-0g+autarky+0f ce89ef57fb81e37ff9aa0de0c7fdb0ed4a9f23ee
c g++ (Ubuntu 13.3.0-6ubuntu2~24.04.1) 13.3.0 -Wall -Wextra -O3 -DNDEBUG
c Mon Jun 29 17:42:04 CEST 2026 Linux amelie-MacBookPro11-4 6.17.0-14-generic x86_64
c 
c --- [ parsing input ] ------------------------------------------------------
c 
c reading DIMACS file from '/home/amelie/Downloads/49-132779.cnf.xz'
c opening pipe to read '/home/amelie/Downloads/49-132779.cnf.xz'
c found '/usr/bin/xz' in path for 'xz'
c found 'p cnf 31504 809232' header
c parsed 809232 clauses in 0.32 seconds process time
c 
c --- [ options ] ------------------------------------------------------------
c 
c   --autarkies=true               (different from default 'false')
c   --autarkyafter=false           (different from default 'true')
c   --autarkyalgo=2                (different from default '0')
c   --autarkydelay=false           (different from default 'true')
c   --rephase=2                    (different from default '1')
c   --stats=true                   (different from default 'false')
c   --varindexorder=false          (different from default 'true')
c   --varkeepname=false            (different from default 'true')
c   --walkddfwstrat=4              (different from default '0')
c   --walkfullocc=2                (different from default '0')
c 
c --- [ solving ] ------------------------------------------------------------
c 
c time measured in process time since initialization
c 
c  seconds  reduction conflicts       size tier2        variables
c         MB    restarts   redundant    glue  trail          remaining
c          level     rate       size/glu tier1  irredundant
c 
c *  0.32 90  0 0   0  0    0    0 0.0 0 0 2 6  0% 809192 31492 100%
c (  0.32 90  0 0   0  0    0    0 0.0 0 0 2 6  0% 809192 31492 100%
c .  0.33 90  0 0   0  0    0    0 0.0 0 0 2 6  0% 809088 31492 100%
c f  3.13 130  0 0   0  0    0    0 0.0 0 0 2 6  0% 281671 80009 254%
c e  3.85 136  0 0   0  0    0    0 0.0 0 0 2 6  0% 273580 72303 230%
c s  4.02 141  0 0   0  0    0    0 0.0 0 0 2 6  0% 273440 72303 230%
c e  4.16 141  0 0   0  0    0    0 0.0 0 0 2 6  0% 272642 71925 228%
c s  4.23 141  0 0   0  0    0    0 0.0 0 0 2 6  0% 272513 71925 228%
c e  4.41 141  0 0   0  0    0    0 0.0 0 0 2 6  0% 272095 71724 228%
c s  4.45 141  0 0   0  0    0    0 0.0 0 0 2 6  0% 271976 71724 228%
c e  4.63 141  0 0   0  0    0    0 0.0 0 0 2 6  0% 271544 71540 227%
c e  5.12 141  0 0   0  0    0    0 0.0 0 0 2 6  0% 271433 71503 227%
c s  5.14 147  0 0   0  0    0    0 0.0 0 0 2 6  0% 271356 71503 227%
c e  5.21 147  0 0   0  0    0    0 0.0 0 0 2 6  0% 271282 71464 227%
c s  5.22 147  0 0   0  0    0    0 0.0 0 0 2 6  0% 271249 71464 227%
c e  5.29 147  0 0   0  0    0    0 0.0 0 0 2 6  0% 271187 71442 227%
c s  5.32 147  0 0   0  0    0    0 0.0 0 0 2 6  0% 271174 71442 227%
c e  5.44 147  0 0   0  0    0    0 0.0 0 0 2 6  0% 271173 71439 227%
c P  5.55 147  0 0   0  0    0    0 0.0 0 0 2 6  0% 271173 71439 227%
c )  5.55 147  0 0   0  0    0    0 0.0 0 0 2 6  0% 271173 71439 227%
c 
c  seconds   reduction conflicts       size tier2        variables
c          MB    restarts   redundant    glue  trail          remaining
c           level     rate       size/glu tier1  irredundant
c 
c {  5.55 147  0 0   0  0    0    0 0.0 0 0 2 6  0% 271173 71439 227%
c -  5.66 149 468 1   0  3  300   49 1.1 21 18 2 6  3% 271173 71439 227%
c -  5.72 149 471 2   0  2  921  111 1.2 22 19 2 6  3% 271173 71439 227%
c }  5.73 149 471 2   0  2 1001  162 1.2 22 19 2 6  3% 271173 71439 227%
c [  5.73 149  0 2   0  0 1001  162 0.0 0 0 2 6  0% 271173 71439 227%
c ]  5.74 149 574 2   0  1 1746  718 1.7 14 8 2 6  4% 271173 71439 227%
c {  5.74 149 471 2   0  2 1746  718 1.2 22 19 2 6  3% 271173 71439 227%
c -  5.79 149 471 3   0  1 2009  400 1.2 22 19 2 6  3% 271173 71439 227%
c -  6.06 155 481 4   6  2 3617  538 1.2 23 18 2 6 25% 271173 71439 227%
c }  6.08 155 404 4  19  2 4529 1058 1.2 23 19 2 6  6% 271173 71439 227%
c [  6.08 155 574 4  19  1 4529 1058 1.7 14 8 2 6  5% 271173 71439 227%
c partition size: 9
c Autarky Decompostiton: Split 2616 literals into 9 independent omegas
c size of 32861: 268
c size of 27416: 884
c size of 27085: 201
c size of 36173: 76
c size of 26794: 168
c size of 26586: 125
c size of 26221: 28
c size of 26349: 689
c size of 26193: 140
c autarky applied
c a  6.24 189 437 4  19  1 4785  693 1.7 15 9 2 6  4% 263570 68823 218%
c I  6.24 189 436 4  19  1 4786  694 1.7 15 9 2 6  4% 263570 68823 218%
c -  6.36 189 227 5  20  1 5773  550 1.6 17 11 5 11  2% 263570 68823 218%
c B  6.62 189 155 5  21  1 6791 1343 1.6 18 11 5 11  1% 263570 68823 218%
c ]  6.62 189 149 5  21  1 6906 1422 1.7 18 11 5 11  1% 263570 68823 218%
c {  6.62 189 404 5  21  2 6906 1422 1.2 23 19 2 6  6% 263570 68823 218%
c -  6.71 189 345 6  54  9 8480 2365 1.4 26 18 17 18  4% 263570 68823 218%
c s  6.87 189 298 6  62  8 9367 2832 1.4 25 17 16 18  3% 263565 68823 218%
c e  7.19 189 298 6  62  8 9367 2136 1.4 25 17 16 18  3% 263020 68261 217%
c 
c  seconds    reduction conflicts       size    tier2         variables
c          MB     restarts   redundant     glue     trail          remaining
c            level     rate       size/glue  tier1    irredundant
c 
c s  7.21 189 298 6  62  8 9367 2113 1.4 25 17 16 18  3% 262979 68261 217%
c e  7.29 189 298 6  62  8 9367 2113 1.4 25 17 16 18  3% 262939 68238 217%
c }  7.37 189 270 6  69  7 10252 2816 1.5 26 17 16 18  3% 262939 68238 217%
c [  7.37 189 149 6  69  1 10252 2816 1.7 18 11 5 11  1% 262939 68238 217%
c -  7.47 189 119 7  70  1 11755 3361 1.6 19 12 5 11  1% 262939 68238 217%
c partition size: 4
c Autarky Decompostiton: Split 883 literals into 4 independent omegas
c size of 25418: 277
c size of 25379: 69
c size of 25517: 369
c size of 28790: 137
c autarky applied
c a  7.68 192 97 7  71  1 13140 4366 1.5 22 15 5 11  1% 260425 67355 214%
c W  7.98 192 97 7  71  1 13141 4367 1.5 22 15 5 11  1% 260425 67355 214%
c ]  8.03 192 88 7  72  1 14176 5172 1.5 24 16 8 19  1% 260425 67355 214%
c {  8.03 192 270 7  72  7 14176 5172 1.5 26 17 16 18  3% 260425 67355 214%
c -  8.20 192 229 8  79  6 15602 5074 1.5 25 17 16 18  3% 260425 67355 214%
c s  8.64 192 194 8  79  5 17152 5683 1.5 24 16 16 18  2% 260376 67355 214%
c e  8.77 192 194 8  79  5 17152 5683 1.5 24 16 16 18  2% 260341 67337 214%
c s  8.80 192 194 8  79  5 17152 5563 1.5 24 16 16 18  2% 260332 67337 214%
c e  8.89 192 194 8  79  5 17152 5563 1.5 24 16 16 18  2% 260255 67309 214%
c -  9.09 192 152 9  79  4 20021 7227 1.5 22 14 16 18  2% 260255 67309 214%
c }  9.19 192 140 9  85  4 21193 8010 1.5 21 14 16 18  2% 260255 67309 214%
c [  9.19 192 88 9  85  1 21193 8010 1.5 24 16 8 19  1% 260255 67309 214%
c partition size: 18
c Autarky Decompostiton: Split 7024 literals into 18 independent omegas
c size of 41298: 127
c size of 70076: 1044
c size of 69462: 290
c size of 36143: 93
c size of 68681: 145
c size of 33983: 551
c size of 34692: 54
c size of 68999: 1601
c size of 33210: 151
c size of 36720: 164
c size of 68359: 413
c size of 41254: 198
c size of 40163: 100
c size of 40701: 98
c size of 38207: 96
c size of 69265: 481
c size of 56679: 105
c size of 58874: 750
c autarky applied
c a  9.56 260 70 9  86  1 24159 10162 1.4 25 18 10 21  1% 238528 60285 191%
c F  9.65 260 70 9  86  1 24160 10163 1.4 25 18 10 21  1% 238528 60285 191%
c -  9.72 260 67 10  86  1 25028 9267 1.4 25 18 10 21  1% 238528 60285 191%
c 
c  seconds   reductions  conflicts        size    tier2         variables
c          MB     restarts     redundant     glue     trail          remaining
c           level      rate         size/glue  tier1    irredundant
c 
c ] 10.09 260 65 10  88  1 28054 11530 1.4 25 18 10 21  1% 238528 60285 191%
c { 10.09 260 140 10  88  4 28054 11530 1.5 21 14 16 18  2% 238528 60285 191%
c s 10.18 260 134 10  88  4 28868 11183 1.5 21 14 16 18  2% 238520 60285 191%
c e 10.34 260 134 10  88  4 28868 11183 1.5 21 14 16 18  2% 238514 60272 191%
c s 10.38 260 134 10  88  4 28868 10799 1.5 21 14 16 18  2% 238512 60272 191%
c - 10.61 260 122 11  88  4 30477 10898 1.5 21 14 16 18  2% 238512 60272 191%
c - 10.87 260 90 12 109  3 36488 14181 1.5 19 13 16 18  2% 238512 60272 191%
c } 11.20 260 84 12 116  3 38366 15296 1.5 19 13 9 16  2% 238512 60272 191%
c [ 11.20 260 65 12 116  1 38366 15296 1.4 25 18 10 21  1% 238512 60272 191%
c i 11.21 260 64 12 116  1 38620 15400 1.4 25 18 10 21  1% 238512 60271 191%
c B 11.30 260 62 12 117  1 39480 15941 1.4 24 17 10 21  1% 238502 60271 191%
c - 11.51 260 66 13 119  1 43065 12179 1.3 27 20 10 21  2% 238502 60271 191%
c f 11.74 260 66 13 119  1 43065 12179 1.3 27 20 10 21  2% 237361 61222 194%
c s 11.91 260 97 13 120  1 44747 9834 1.3 28 21 10 21  2% 237361 61222 194%
c e 12.04 260 97 13 120  1 44747 9438 1.3 28 21 10 21  2% 236896 60400 192%
c s 12.07 260 97 13 120  1 44747 8962 1.3 28 21 10 21  2% 236893 60400 192%
c e 12.16 260 97 13 120  1 44747 8962 1.3 28 21 10 21  2% 236893 60399 192%
c partition size: 1
c autarky applied
c a 12.34 266 95 13 121  1 45484 9589 1.4 28 20 10 21  2% 234788 59722 190%
c W 12.75 266 95 13 121  1 45485 9590 1.4 28 20 10 21  2% 234788 59722 190%
c ] 12.85 266 82 13 121  1 49024 11978 1.4 26 19 10 21  2% 234788 59722 190%
c 
c  seconds   reductions  conflicts        size   tier2         variables
c          MB     restarts     redundant     glue    trail          remaining
c           level      rate         size/glue  tier1   irredundant
c 
c { 12.85 266 84 13 121  3 49024 11978 1.5 19 13 9 16  2% 234788 59722 190%
c - 12.95 266 81 14 129  3 50211 10428 1.5 19 12 9 16  2% 234788 59722 190%
c - 13.54 266 66 15 262  2 57890 14748 1.6 20 12 9 16  2% 234788 59722 190%
c } 13.86 266 58 15 299  2 62737 17949 1.6 19 12 9 16  2% 234788 59722 190%
c [ 13.86 266 82 15 299  1 62737 17949 1.4 26 19 10 21  2% 234788 59722 190%
c s 14.03 266 77 15 300  1 64465 15465 1.4 25 18 10 21  2% 234780 59722 190%
c s 14.25 266 77 15 300  1 64465 14905 1.4 25 18 10 21  2% 234780 59722 190%
c ^ 14.29 266 77 15 300  1 64465 14905 1.4 25 18 10 21  2% 234780 59722 190%
c - 14.40 266 74 16 300  1 66138 14589 1.4 25 18 10 21  2% 234780 59722 190%
c partition size: 3
c Autarky Decompostiton: Split 6731 literals into 3 independent omegas
c size of 44187: 2004
c size of 61109: 643
c size of 60733: 3460
c autarky applied
c a 15.49 515 73 16 300  1 66210 12953 1.4 25 18 10 21  2% 210856 52991 168%
c # 15.57 515 73 16 300  1 66211 12954 1.4 25 18 10 21  1% 210856 52991 168%
c B 15.85 515 61 16 303  1 74233 19194 1.4 24 17 10 19  1% 210856 52991 168%
c - 15.90 515 61 17 303  1 74949 17070 1.4 24 17 10 19  1% 210856 52991 168%
c f 16.15 515 61 17 303  1 74949 17070 1.4 24 17 10 19  1% 210495 53151 169%
c ] 16.33 515 60 17 304  1 76514 18263 1.4 25 18 10 19  1% 210495 53151 169%
c { 16.33 515 58 17 304  2 76514 18263 1.6 19 12 9 16  2% 210495 53151 169%
c - 16.63 515 50 18 410  2 84011 20767 1.6 18 11 9 16  2% 210495 53151 169%
c s 17.03 515 47 18 488  2 88167 19085 1.6 18 11 9 16  2% 210495 53151 169%
c e 17.36 516 47 18 488  2 88167 16216 1.6 18 11 9 16  2% 219227 44192 140%
c s 17.50 516 47 18 488  2 88167 15995 1.6 18 11 9 16  2% 219167 44192 140%
c 
c  seconds   reductions  conflicts        size   tier2         variables
c          MB     restarts     redundant     glue    trail          remaining
c           level      rate         size/glue  tier1   irredundant
c 
c e 17.58 516 47 18 488  2 88167 15995 1.6 18 11 9 16  2% 219097 44152 140%
c - 17.94 516 43 19 562  2 93602 17403 1.6 18 11 9 16  2% 219097 44152 140%
c } 18.04 516 42 19 606  2 95418 18543 1.6 18 11 9 16  2% 219097 44152 140%
c [ 18.04 516 60 19 606  1 95418 18543 1.4 25 18 10 19  1% 219097 44152 140%
c W 18.81 516 55 19 609  1 102148 23632 1.4 25 18 10 19  1% 219097 44152 140%
c - 18.95 516 54 20 610  1 103855 21871 1.4 25 18 10 19  1% 219097 44152 140%
c f 19.15 516 54 20 610  1 103855 21871 1.4 25 18 10 19  1% 216776 45104 143%
c ] 19.47 516 48 20 616  1 111606 27654 1.4 25 17 10 19  1% 216776 45104 143%
c { 19.47 516 42 20 616  2 111606 27654 1.6 18 11 9 16  2% 216776 45104 143%
c - 19.64 516 40 21 697  2 114655 26188 1.7 18 11 9 16  2% 216776 45104 143%
c s 20.10 516 37 21 856  2 120523 27048 1.7 18 11 9 16  2% 216712 45104 143%
c e 20.26 516 37 21 856  2 120523 26898 1.7 18 11 9 16  2% 217006 44412 141%
c s 20.42 516 37 21 856  2 120523 26547 1.7 18 11 9 16  2% 216991 44412 141%
c e 20.48 516 37 21 856  2 120523 26547 1.7 18 11 9 16  2% 216922 44387 141%
c - 20.73 516 35 22 915  2 125967 27589 1.7 18 11 9 16  2% 216922 44387 141%
c } 21.22 516 31 22 991  2 135694 33786 1.6 17 11 9 16  2% 216922 44387 141%
c [ 21.22 516 48 22 991  1 135694 33786 1.4 25 17 10 19  1% 216922 44387 141%
c partition size: 1
c autarky applied
c a 21.37 526 48 22 991  1 136250 34122 1.4 25 17 9 18  1% 213550 43601 138%
c O 21.37 526 48 22 991  1 136251 34123 1.4 25 17 9 18  1% 213550 43601 138%
c - 21.49 526 47 23 991  1 137822 32588 1.4 25 17 9 18  1% 213550 43601 138%
c 
c  seconds   reductions  conflicts         size   tier2         variables
c          MB     restarts      redundant     glue    trail          remaining
c           level      rate          size/glue  tier1   irredundant
c 
c u 21.97 526 47 23 991  1 137822 31409 1.4 25 17 9 18  1% 213550 43601 138%
c v 22.00 526 47 23 991  1 137822 30178 1.4 25 17 9 18  1% 213550 43601 138%
c x 22.06 526 47 23 991  1 137822 30178 1.4 25 17 9 18  1% 213483 43601 138%
c f 22.21 526 47 23 991  1 137822 30178 1.4 25 17 9 18  1% 211439 44431 141%
c B 22.61 526 44 23 992  1 147269 36896 1.4 24 17 9 18  1% 211439 44431 141%
c - 22.81 526 43 24 993  1 150162 34066 1.4 25 17 9 18  1% 211439 44431 141%
c ] 23.17 526 41 24 993  1 155222 37621 1.4 25 17 9 18  1% 211439 44431 141%
c { 23.17 526 31 24 993  2 155222 37621 1.6 17 11 9 16  2% 211439 44431 141%
c s 23.44 526 31 24 1018  2 157148 32106 1.6 17 10 9 16  2% 211428 44431 141%
c e 23.61 526 31 24 1018  2 157148 32003 1.6 17 10 9 16  2% 211663 43902 139%
c s 23.84 526 31 24 1018  2 157148 31143 1.6 17 10 9 16  2% 211632 43902 139%
c e 23.91 526 31 24 1018  2 157148 31143 1.6 17 10 9 16  2% 211629 43898 139%
c - 24.18 526 29 25 1149  2 163001 32958 1.6 17 10 9 16  2% 211629 43898 139%
c f 24.40 526 29 25 1149  2 163001 32958 1.6 17 10 9 16  2% 210409 44398 141%
c - 24.96 526 26 26 1378  2 176380 39328 1.6 16 10 9 16  2% 210409 44398 141%
c } 25.38 526 25 26 1511  2 184140 44157 1.6 16 10 9 16  2% 210409 44398 141%
c [ 25.38 526 41 26 1511  1 184140 44157 1.4 25 17 9 18  1% 210409 44398 141%
c 
c caught signal 2 (SIGINT)
c 
c --- [ result ] -------------------------------------------------------------
c 
c UNKNOWN
c 
c --- [ run-time profiling ] -------------------------------------------------
c 
c process time taken by individual solving procedures
c (percentage relative to process time for solving)
c 
c        13.03   50.76% search
c        12.29   47.87% simplify
c         5.76   22.42% stable
c         5.68   22.13% unstable
c         5.22   20.34% preprocess
c         3.29   12.83% factor
c         1.91    7.44% autarky
c         1.69    6.57% subsume
c         1.65    6.41% elim
c         1.60    6.21% fastelim
c         1.58    6.16% walk
c         1.04    4.07% congruence
c         0.62    2.43% sweep
c         0.32    1.24% parse
c         0.17    0.67% vivify
c         0.14    0.54% backbone
c         0.07    0.27% probe
c         0.01    0.04% lucky
c   =================================
c        25.68   98.78% solve
c 
c last line shows process time for solving
c (percentage relative to total process time)
c 
c --- [ statistics ] ---------------------------------------------------------
c 
c autarkies:                 18717        22.44 %  of vars
c   autartried:                 12     15684.33    per interval
c   autarrounds:                 6         0.50    per tried
c   autarsaved:          248264100   41377350.00    per success
c blocked:                       0         0.00 %  of irredundant clauses
c   blockings:                   0         0.00    internal
c   candidates:                  0         0.00    per blocking 
c   blockres:                    0         0.00    per candidate
c   pure:                        0         0.00 %  of all variables
c   pureclauses:                 0         0.00    per pure literal
c chronological:             44207        23.49 %  of conflicts
c compacts:                      4     47053.00    interval
c conflicts:                188212      7330.46    per second
c   backtracked:            210199       111.68 %  of conflicts
c inc-decay:                     0         0.00 %   per search
c backbone:                1117374      1339.55 %  of vars
c    rounds:                    34         0.72    per phase
c    phases:                    47      4004.51    interval
c    units:                      0         0.00    per phase
c dedup-init-rnds:               0         0.00 %  of interval
c dedup-init:                    0         0.00 %  of subsumed
c conditioned:                   0         0.00 %  of irredundant clauses
c   conditionings:               0         0.00    interval
c   condcands:                   0         0.00    candidate clauses
c   condassinit:                 0.0       0.00 %  initial assigned
c   condcondinit:                0.0       0.00 %  initial condition
c   condautinit:                 0.0       0.00 %  initial autarky
c   condassrem:                  0.0       0.00 %  final assigned
c   condcondrem:                 0.000     0.00 %  final conditional
c   condautrem:                  0.000     0.00 %  final autarky
c   condprops:                   0         0.00    per candidate
c covered:                       0         0.00 %  of irredundant clauses
c   coverings:                   0         0.00    interval
c   asymmetric:                  0         0.00 %  of covered clauses
c   blocked:                     0         0.00 %  of covered clauses
c decisions:                293070     11414.45    per second
c   searched:              1008920         3.44    per decision
c rand. dec phase:              15         0.00    per interval
c random decs:                1306        87.07    per phase
c eliminated:                39003        46.76 %  of all variables
c   fastelim:                 8570        21.97 %  of eliminated
c   elimphases:                  8     23526.50    interval
c   elimrounds:                 15         1.88    per phase
c   elimtried:              340085        11.47 %  eliminated
c   elimgates:                   5         0.00 %  gates per tried
c   elimequivs:                  0         0.00 %  equivalence gates
c   elimands:                    5       100.00 %  and gates
c   elimites:                    0         0.00 %  if-then-else gates
c   elimxors:                    0         0.00 %  xor gates
c   elimdefs:                    0         0.00 %  definitions
c   elimsubst:                   2         0.01 %  substituted
c   elimsubstequi:               0         0.00 %  equivalence gates
c   elimsubstands:             543     27150.00 %  and gates
c   elimsubstites:               0         0.00 %  if-then-else gates
c   elimsubstxors:               0         0.00 %  xor gates
c   elimsubstdefs:               0         0.00 %  definitions
c   elimres:               4187705       107.37    per eliminated
c   elimrestried:          2409223        57.53 %  per resolution
c   def checked:                 0         0.00    per phase
c   def extracted:               0         0.00 %  per checked
c   def units:                   0         0.00 %  per checked
c ext.prop. calls:               0         0.00 %  of queries
c   propagating:                 0         0.00 %  per eprop-call
c   explained:                   0         0.00 %  per eprop-call
c   falsified:                   0         0.00 %  per eprop-call
c ext.clause calls:              0         0.00 %  of queries
c   learned:                     0         0.00 %  per called
c   conflicting:                 0         0.00 %  per learned
c   propagating:                 0         0.00 %  per learned
c ext.final check:               0         0.00 %  of queries
c factored:                  51910       111.79 %  of variables
c   ands:                    51910       100.00 %  of factored
c   xors:                        0         0.00 %  of factored
c   ites:                        0         0.00 %  of factored
c   eliminated:              26566        51.18 %  of factored
c   factor:                      6     31368.67    conflict interval
c   cls factored:           496757         9.57    per factored
c   lits factored:          993920        19.15    per factored
c   cls unfactored:        1031261        19.87    per factored
c   cls redundant:               0         0.00 %  of unfactored
c   lits unfactored:       2063713        39.76    per factored
c fixed:                        13         0.02 %  of all variables
c   failed:                      0         0.00 %  of all variables
c   probefailed:                 0         0.00 %  per failed
c   transredunits:               0         0.00 %  per failed
c   inprobephases:              23      8183.13    interval
c   inprobesuccess:              5        21.74 %  phases
c   probingrounds:              23         1.00    per phase
c   probed:                      1         0.00    per failed
c   hbrs:                        0         0.00    per probed
c   hbrsizes:                    0         0.00    per hbr
c   hbreds:                      0         0.00 %  per hbr
c   hbrsubs:                     0         0.00 %  per hbr
c   units:                       1    188212.00    interval
c   binaries:                    8     23526.50    interval
c flushed:                       0         0.00 %  per conflict
c   hyper:                       0         0.00 %  per conflict
c   flushings:                   0         0.00    interval
c instantiated:                  0         0.00 %  of tried
c   instrounds:                  0         0.00 %  of elimrounds
c learned:                  183549        97.52 %  per conflict
c   bumped:                1504173         8.19    per learned
c   recomputed:             603048       328.55 %  per learned
c   promoted1:               11767         6.41 %  per learned
c   promoted2:                2819         1.54 %  per learned
c   improvedglue:            80276        43.74 %  per learned
c lucky:                         0         0.00 %  of tried
c   constantzero                 0         0.00 %  of tried
c   constantone                  0         0.00 %  of tried
c   backwardone                  2       100.00 %  of tried
c   backwardzero                 2       100.00 %  of tried
c   forwardone                   2       100.00 %  of tried
c   forwardzero                  2       100.00 %  of tried
c   positivehorn                 0         0.00 %  of tried
c   negativehorn                 0         0.00 %  of tried
c   units:                       0         0.00  of tried
c   extendbytes:         372038392       354.80    bytes and MB
c learned_lits:            8087889       100.00 %  learned literals
c minimized:                     0         0.00 %  learned literals
c shrunken:                3965127        49.03 %  learned literals
c minishrunken:             475084         5.87 %  learned literals
c otfs:                        439         0.23 %  of conflict
c   subsumed                    11         0.01 %  of conflict
c   strengthened               428         0.23 %  of conflict
c propagations:           27588955         1.07 M  per second
c   coverprops:                  0         0.00 %  of propagations
c   probeprops:                177         0.00 %  of propagations
c   searchprops:          24557323        89.01 %  of propagations
c   transredprops:         2317996         8.40 %  of propagations
c   vivifyprops:            713459         2.59 %  of propagations
c reactivated:                   0         0.00 %  of all variables
c reduced:                   47994        25.50 %  per conflict
c   reductions:                 26      7238.92    interval
c   sqrt scheme:                 0         0.00 %  reductions
c   prct scheme:                 0         0.00 %  reductions
c   collections:                31      6071.35    interval
c rephased:                     12     15684.33    interval
c   rephasedbest:                4        33.33 %  rephased best
c   rephasedflip:                1         8.33 %  rephased flipping
c   rephasedinv:                 1         8.33 %  rephased inverted
c   rephasedorig:                1         8.33 %  rephased original
c   rephasedrand:                1         8.33 %  rephased random
c   rephasedwalk:                4        33.33 %  rephased walk
c rescored:                     11     17110.18    interval
c restarts:                   1511       124.56    interval
c   reused:                   1400        92.65 %  per restart
c   reusedlevels:            10495        15.77 %  per restart levels
c restored:                      0         0.00 %  per weakened
c   restorations:                0         0.00 %  per extension
c   literals:                    0         0.00    per restored clause
c stabilizing:                   9        41.46 %  of conflicts
c   restartstab:                30         1.99 %  of all restarts
c   reusedstab:                 22        73.33 %  per stable restarts
c substituted:                   0         0.00 %  of all variables
c   decompositions:             23         1.00    per phase
c sweep equivs:                  0         0.00 %  of swept variables
c   sweepings:                   4       382.75    vars per sweeping
c   swept vars:               1531         1.84 %  of all variables
c   sweep units:                 0         0.00 %  of all variables
c   solved:                  13323         8.70    per swept variable
c   sat:                     12918        96.96 %  solved
c   unsat:                     405         3.04 %  solved
c   backbone solved:          9100        68.30 %  solved
c     sat:                    9100       100.00 %  backbone solved
c     unsat:                     0         0.00 %  backbone solved
c     unknown:                   0         0.00 %  backbone solved
c     fixed:                     0         0.00   per swept variable
c     flip:                 229017       149.59   per swept variable
c     flipped:              161525        70.53 %  of backbone flip
c   equiv solved:             2692        20.21 %  solved
c     sat:                    2287        84.96 %  equiv solved
c     unsat:                   405        15.04 %  equiv solved
c     unknown:                   0         0.00 %  equiv solved
c     flip:                  92158        60.19    per swept variable
c     flipped:              103028       111.79 %  of equiv flip
c   depth:                    3062         2.00    per swept variable
c   environment:            178005       116.27    per swept variable
c   clauses:                118660        77.50    per swept variable
c   completed:                   0         0.00    sweeps to complete
c subsumed:                  83063         5.20 %  of all clauses
c   subsumephases:               8     23526.50    interval
c   subsumerounds:              22         2.75    per phase
c   deduplicated:                0         0.00 %  per subsumed
c   transreds:                  31      6071.35    interval
c   transitive:                  0         0.00 %  per subsumed
c   subirr:                    820         0.99 %  of subsumed
c   subred:                  28664        34.51 %  of subsumed
c   subtried:               309687         3.73    tried per subsumed
c   subchecks:            56146983       181.30    per tried
c   subchecks2:              14754         0.03 %  per subcheck
c   elimotfsub:                  0         0.00 %  of subsumed
c   elimbwsub:                 909         1.09 %  of subsumed
c   eagersub:                52659        63.40 %  of subsumed
c   eagertried:            4038056        76.68    tried per eagersub
c strengthened:              31876         1.99 %  of all clauses
c   elimotfstr:               5382        16.88 %  of strengthened
c   elimbwstr:                1599         5.02 %  of strengthened
c ternary:                       0         0.00 %  of resolved
c   phases:                      0         0.00    interval
c   htr3:                        0         0.00 %  ternary hyper ternres
c   htr2:                        0         0.00 %  binary hyper ternres
c ticks:                 282518145        11.50    propagation
c  searchticks:          145250732        51.41 %  totalticks
c    stableticks:         62920501        43.32 %  searchticks
c    unstableticks:       82330231        56.68 %  searchticks
c  inprobeticks:         137267413        48.59 %  totalticks
c    backboneticks:        2729068         1.88 %  searchticks
c    factorticks:        116294387        80.06 %  searchticks
c    probeticks:           7249410         4.99 %  searchticks
c    sweepticks:           6014632         4.14 %  searchticks
c    ternaryticks:               0         0.00 %  searchticks
c    vivifyticks:          4979916         3.43 %  searchticks
c    walkticks:            5812099         4.00 %  searchticks
c    walkflipticks:        2332579         1.61 %  searchticks
c    walkflipbrk:           752897         0.52 %  searchticks
c    walkflipWL:           1579682         1.09 %  searchticks
c    walkpickticks:              0         0.00 %  searchticks
c    walkbreak:                  0         0.00 %  searchticks
c tier recomputed:              17     11071.29    interval
c trail reuses:                  0         0.00 %  of incremental calls
c   levels:                      0         0.00    per reuse
c   literals:                    0         0.00    per reuse
c   assumptions:                 0         0.00    per reuse
c vivified:                   2965         0.19 %  of all clauses
c   vivifications:               1    188212.00    interval
c   vivifychecks:             8020         4.26 %  per conflict
c   vivified:                  601         7.49 %  per check
c   vified-irred:              114        18.97 %  per vivified
c   vified-tier1:              335        55.74 %  per vivified
c   vified-tier2:              152        25.29 %  per vivified
c   vified-tier3:                0         0.00 %  per vivified
c   vivifysched:             15000        53.47 %  checks per scheduled
c   vivifyunits:                 0         0.00 %  per vivify check
c   vivifyinst:                  0         0.00 %  per vivify check
c   vivifysubs:               2363         2.84 %  per subsumed
c   vivifyflushed:               0         0.00 %  per subsumed
c   vivifysubred:             2361        99.92 %  per subs
c   vivifysubirr:                2         0.08 %  per subs
c   vivifystrs:                487         1.53 %  per strengthened
c   vivifystrirr:               49        10.06 %  per vivifystrs
c   vivifystred1:              294        60.37 %  per vivifystrs
c   vivifystred2:              144        29.57 %  per viviyfstrs
c   vivifystred3:                0         0.00 %  per vivifystrs
c   vivifydemote:                0         0.00 %  per vivifystrs
c   vivifydecs:              38883         4.85    per checks
c   vivifyreused:            85924       220.98 %  per non-reused decision
c walked:                        4     47053.00    interval
c   prop-warmup:            223260     55815.00    per warmup
c   dec-warmup:              45314     11328.50    per warmup
c   dummydec-w:               7633      1908.25    per warmup
c   conflicts:                1622       405.50    per warmup
c   warmup:                      4         1.00    per walk
c   flips:                  325107         0.21 M  per second
c   minimum:                    72         0.01 %  clauses
c   broken:               40378679       124.20    per flip
c   improved:                    3         0.75    per walk
c   wrv-flip:               325107       100.00 % flip
c   side-flip:                   0         0.00 % flip
c   wght-transfer:            3676         1.13 % flip
c weakened:                 103937         3.41    average size
c   extensions:                  0         0.00    interval
c   flipped:                     0         0.00    per weakened
c congruence:                    6     31368.67    interval
c    units:                      0         0.00    per congruent
c    cong-and:                   0         0.00    per found gates
c    cong-ite:                   0         0.00    per found gates
c    cong-xor:                   0         0.00    per found gates
c    congruent:                  0         0.00    per round
c    unaries:                    0         0.00    per round
c    rewritten:                  0         0.00    per round
c    rewri.-ands:                0         0.00    per rewritten
c    rewri.-xors:                0         0.00%  per rewritten
c    rewri.-ites:                0         0.00%  per rewritten
c    subsumed:                   0         0.00%  per round
c    dummy-ands:                 0         0.00%  per round
c 
c seconds are measured in process time for solving
c 
c --- [ glue usage ] ---------------------------------------------------------
c 
c focused glue 9 used 29767 clauses 9.634% accumulated 75.57% tier1
c focused glue 10 used 19859 clauses 6.427% accumulated 81.99%
c focused glue 11-14 used 33816 clauses 10.94% accumulated 92.94%
c focused glue 15 used 4671 clauses 1.511% accumulated 94.45%
c focused glue 16 used 5101 clauses 1.650% accumulated 96.10% tier2
c 
c stable glue 9 used 18937 clauses 6.528% accumulated 55.88% tier1
c stable glue 10 used 15308 clauses 5.277% accumulated 61.16%
c stable glue 11-15 used 53959 clauses 18.60% accumulated 79.77%
c stable glue 16 used 6959 clauses 2.399% accumulated 82.16%
c stable glue 17 used 6005 clauses 2.070% accumulated 84.23% tier2
c 
c 
c --- [ resources ] ----------------------------------------------------------
c 
c total process time since initialization:        25.99    seconds
c total real time since initialization:           27.67    seconds
c maximum resident set size of process:          682.64    MB
c 
c raising signal 2 (SIGINT)
