c --- [ banner ] -------------------------------------------------------------
c 
c CaDiCaL SAT Solver
c Copyright (c) 2016-2025
c A. Biere, M. Fleury, N. Froleyks, K. Fazekas, F. Pollitt, T. Faller
c JKU Linz, University of Freiburg, TU Wien
c 
c Version 3.0.0-0g+autarky+0f e26538a9d9c4a50b9c610e8089384bd91eb87fd3
c g++ (Ubuntu 11.4.0-1ubuntu1~22.04.3) 11.4.0 -Wall -Wextra -O3 -DNDEBUG
c Fri Jul 24 12:46:51 CEST 2026 Linux DESKTOP-M58RTQ0 6.18.33.2-microsoft-standard-WSL2 x86_64
c 
c --- [ parsing input ] ------------------------------------------------------
c 
c reading DIMACS file from '//home/amelie/49-132779.cnf.xz'
c opening pipe to read '//home/amelie/49-132779.cnf.xz'
c found '/usr/bin/xz' in path for 'xz'
c found 'p cnf 31504 809232' header
c parsed 809232 clauses in 0.51 seconds process time
c 
c --- [ options ] ------------------------------------------------------------
c 
c   --autarkies=true               (different from default 'false')
c   --autarkyafter=false           (different from default 'true')
c   --autarkyalgo=3                (different from default '0')
c   --autarkydelay=false           (different from default 'true')
c   --rephase=2                    (different from default '1')
c   --stats=true                   (different from default 'false')
c   --varindexorder=false          (different from default 'true')
c   --varkeepname=false            (different from default 'true')
c   --walkddfwstrat=4              (different from default '0')
c   --walkfullocc=2                (different from default '0')
c 
c --- [ solving ] ------------------------------------------------------------
c 
c time measured in process time since initialization
c 
c  seconds  reduction conflicts       size tier2        variables
c         MB    restarts   redundant    glue  trail          remaining
c          level     rate       size/glu tier1  irredundant
c 
c *  0.52 90  0 0   0  0    0    0 0.0 0 0 2 6  0% 809192 31492 100%
c (  0.52 90  0 0   0  0    0    0 0.0 0 0 2 6  0% 809192 31492 100%
c .  0.53 90  0 0   0  0    0    0 0.0 0 0 2 6  0% 809088 31492 100%
c f  3.43 130  0 0   0  0    0    0 0.0 0 0 2 6  0% 281671 80009 254%
c e  4.24 136  0 0   0  0    0    0 0.0 0 0 2 6  0% 273580 72303 230%
c s  4.40 140  0 0   0  0    0    0 0.0 0 0 2 6  0% 273440 72303 230%
c e  4.62 140  0 0   0  0    0    0 0.0 0 0 2 6  0% 272642 71925 228%
c s  4.69 140  0 0   0  0    0    0 0.0 0 0 2 6  0% 272513 71925 228%
c e  4.90 140  0 0   0  0    0    0 0.0 0 0 2 6  0% 272095 71724 228%
c s  4.94 140  0 0   0  0    0    0 0.0 0 0 2 6  0% 271976 71724 228%
c e  5.12 140  0 0   0  0    0    0 0.0 0 0 2 6  0% 271544 71540 227%
c e  5.59 140  0 0   0  0    0    0 0.0 0 0 2 6  0% 271433 71503 227%
c s  5.62 146  0 0   0  0    0    0 0.0 0 0 2 6  0% 271356 71503 227%
c e  5.77 146  0 0   0  0    0    0 0.0 0 0 2 6  0% 271282 71464 227%
c s  5.80 146  0 0   0  0    0    0 0.0 0 0 2 6  0% 271249 71464 227%
c e  5.91 146  0 0   0  0    0    0 0.0 0 0 2 6  0% 271187 71442 227%
c s  5.93 146  0 0   0  0    0    0 0.0 0 0 2 6  0% 271174 71442 227%
c e  6.05 146  0 0   0  0    0    0 0.0 0 0 2 6  0% 271173 71439 227%
c P  6.14 146  0 0   0  0    0    0 0.0 0 0 2 6  0% 271173 71439 227%
c )  6.14 146  0 0   0  0    0    0 0.0 0 0 2 6  0% 271173 71439 227%
c 
c  seconds   reduction conflicts       size tier2        variables
c          MB    restarts   redundant    glue  trail          remaining
c           level     rate       size/glu tier1  irredundant
c 
c {  6.15 146  0 0   0  0    0    0 0.0 0 0 2 6  0% 271173 71439 227%
c -  6.32 148 468 1   0  3  300   49 1.1 21 18 2 6  3% 271173 71439 227%
c -  6.44 148 471 2   0  2  921  111 1.2 22 19 2 6  3% 271173 71439 227%
c }  6.44 148 471 2   0  2 1001  162 1.2 22 19 2 6  3% 271173 71439 227%
c [  6.44 148  0 2   0  0 1001  162 0.0 0 0 2 6  0% 271173 71439 227%
c ]  6.47 148 574 2   0  1 1746  718 1.7 14 8 2 6  4% 271173 71439 227%
c {  6.47 148 471 2   0  2 1746  718 1.2 22 19 2 6  3% 271173 71439 227%
c -  6.58 148 471 3   0  1 2009  400 1.2 22 19 2 6  3% 271173 71439 227%
c -  7.10 155 481 4   6  2 3617  538 1.2 23 18 2 6 25% 271173 71439 227%
c }  7.13 155 404 4  19  2 4529 1058 1.2 23 19 2 6  6% 271173 71439 227%
c [  7.13 155 574 4  19  1 4529 1058 1.7 14 8 2 6  5% 271173 71439 227%
c Autarky Decomposition: split 2616 literals into 145 dependant SCCs
c autarky applied
c a  7.61 187 437 4  19  1 4785  693 1.7 15 9 2 6  4% 263570 68823 218%
c I  7.61 187 436 4  19  1 4786  694 1.7 15 9 2 6  4% 263570 68823 218%
c -  7.74 187 227 5  20  1 5773  550 1.6 17 11 5 11  2% 263570 68823 218%
c B  8.22 187 155 5  21  1 6791 1343 1.6 18 11 5 11  1% 263570 68823 218%
c ]  8.23 187 149 5  21  1 6906 1422 1.7 18 11 5 11  1% 263570 68823 218%
c {  8.23 187 404 5  21  2 6906 1422 1.2 23 19 2 6  6% 263570 68823 218%
c -  8.42 187 345 6  54  9 8480 2365 1.4 26 18 17 18  4% 263570 68823 218%
c s  8.71 187 298 6  62  8 9367 2832 1.4 25 17 16 18  3% 263565 68823 218%
c e  9.10 187 298 6  62  8 9367 2136 1.4 25 17 16 18  3% 263020 68261 217%
c 
c  seconds    reduction conflicts       size    tier2         variables
c          MB     restarts   redundant     glue     trail          remaining
c            level     rate       size/glue  tier1    irredundant
c 
c s  9.13 187 298 6  62  8 9367 2113 1.4 25 17 16 18  3% 262979 68261 217%
c e  9.22 187 298 6  62  8 9367 2113 1.4 25 17 16 18  3% 262939 68238 217%
c }  9.32 187 270 6  69  7 10252 2816 1.5 26 17 16 18  3% 262939 68238 217%
c [  9.32 187 149 6  69  1 10252 2816 1.7 18 11 5 11  1% 262939 68238 217%
c -  9.45 187 119 7  70  1 11755 3361 1.6 19 12 5 11  1% 262939 68238 217%
c Autarky Decomposition: split 883 literals into 99 dependant SCCs
c autarky applied
c a  9.94 190 97 7  71  1 13140 4366 1.5 22 15 5 11  1% 260425 67355 214%
c W 10.19 190 97 7  71  1 13141 4367 1.5 22 15 5 11  1% 260425 67355 214%
c ] 10.22 190 88 7  72  1 14176 5172 1.5 24 16 8 19  1% 260425 67355 214%
c { 10.22 190 270 7  72  7 14176 5172 1.5 26 17 16 18  3% 260425 67355 214%
c - 10.36 190 229 8  79  6 15602 5074 1.5 25 17 16 18  3% 260425 67355 214%
c s 10.73 190 194 8  79  5 17152 5683 1.5 24 16 16 18  2% 260376 67355 214%
c e 10.91 190 194 8  79  5 17152 5683 1.5 24 16 16 18  2% 260341 67337 214%
c s 10.93 190 194 8  79  5 17152 5563 1.5 24 16 16 18  2% 260332 67337 214%
c e 11.02 190 194 8  79  5 17152 5563 1.5 24 16 16 18  2% 260255 67309 214%
c - 11.27 190 152 9  79  4 20021 7227 1.5 22 14 16 18  2% 260255 67309 214%
c } 11.46 190 140 9  85  4 21193 8010 1.5 21 14 16 18  2% 260255 67309 214%
c [ 11.46 190 88 9  85  1 21193 8010 1.5 24 16 8 19  1% 260255 67309 214%
c Autarky Decomposition: split 7024 literals into 1163 dependant SCCs
c autarky applied
c a 14.90 242 70 9  86  1 24159 10162 1.4 25 18 10 21  1% 238528 60285 191%
c F 15.08 242 70 9  86  1 24160 10163 1.4 25 18 10 21  1% 238528 60285 191%
c - 15.16 242 67 10  86  1 25028 9267 1.4 25 18 10 21  1% 238528 60285 191%
c 
c  seconds   reductions  conflicts        size    tier2         variables
c          MB     restarts     redundant     glue     trail          remaining
c           level      rate         size/glue  tier1    irredundant
c 
c ] 15.56 242 65 10  88  1 28054 11530 1.4 25 18 10 21  1% 238528 60285 191%
c { 15.56 242 140 10  88  4 28054 11530 1.5 21 14 16 18  2% 238528 60285 191%
c s 15.65 242 134 10  88  4 28868 11183 1.5 21 14 16 18  2% 238520 60285 191%
c e 15.81 242 134 10  88  4 28868 11183 1.5 21 14 16 18  2% 238514 60272 191%
c s 15.85 242 134 10  88  4 28868 10799 1.5 21 14 16 18  2% 238512 60272 191%
c - 16.08 242 122 11  88  4 30477 10898 1.5 21 14 16 18  2% 238512 60272 191%
c - 16.47 242 90 12 109  3 36488 14181 1.5 19 13 16 18  2% 238512 60272 191%
c } 16.77 242 84 12 116  3 38366 15296 1.5 19 13 9 16  2% 238512 60272 191%
c [ 16.77 242 65 12 116  1 38366 15296 1.4 25 18 10 21  1% 238512 60272 191%
c i 16.77 242 64 12 116  1 38620 15400 1.4 25 18 10 21  1% 238512 60271 191%
c B 16.86 242 62 12 117  1 39480 15941 1.4 24 17 10 21  1% 238502 60271 191%
c - 17.12 242 66 13 119  1 43065 12179 1.3 27 20 10 21  2% 238502 60271 191%
c f 17.46 242 66 13 119  1 43065 12179 1.3 27 20 10 21  2% 237361 61222 194%
c s 17.63 242 97 13 120  1 44747 9834 1.3 28 21 10 21  2% 237361 61222 194%
c e 17.81 242 97 13 120  1 44747 9438 1.3 28 21 10 21  2% 236896 60400 192%
c s 17.84 242 97 13 120  1 44747 8962 1.3 28 21 10 21  2% 236893 60400 192%
c e 17.93 242 97 13 120  1 44747 8962 1.3 28 21 10 21  2% 236893 60399 192%
c Autarky Decomposition: split 677 literals into 61 dependant SCCs
c autarky applied
c a 18.26 247 95 13 121  1 45484 9589 1.4 28 20 10 21  2% 234788 59722 190%
c W 18.64 247 95 13 121  1 45485 9590 1.4 28 20 10 21  2% 234788 59722 190%
c ] 18.75 247 82 13 121  1 49024 11978 1.4 26 19 10 21  2% 234788 59722 190%
c 
c  seconds   reductions  conflicts        size   tier2         variables
c          MB     restarts     redundant     glue    trail          remaining
c           level      rate         size/glue  tier1   irredundant
c 
c { 18.75 247 84 13 121  3 49024 11978 1.5 19 13 9 16  2% 234788 59722 190%
c - 18.86 247 81 14 129  3 50211 10428 1.5 19 12 9 16  2% 234788 59722 190%
c - 19.56 247 66 15 262  2 57890 14748 1.6 20 12 9 16  2% 234788 59722 190%
c } 19.86 247 58 15 299  2 62737 17949 1.6 19 12 9 16  2% 234788 59722 190%
c [ 19.86 247 82 15 299  1 62737 17949 1.4 26 19 10 21  2% 234788 59722 190%
c s 19.99 247 77 15 300  1 64465 15465 1.4 25 18 10 21  2% 234780 59722 190%
c s 20.21 247 77 15 300  1 64465 14905 1.4 25 18 10 21  2% 234780 59722 190%
c ^ 20.26 247 77 15 300  1 64465 14905 1.4 25 18 10 21  2% 234780 59722 190%
c - 20.40 247 74 16 300  1 66138 14589 1.4 25 18 10 21  2% 234780 59722 190%
c Autarky Decomposition: split 6731 literals into 1147 dependant SCCs
c autarky applied
c a 23.17 426 73 16 300  1 66210 12953 1.4 25 18 10 21  2% 210856 52991 168%
c # 23.33 426 73 16 300  1 66211 12954 1.4 25 18 10 21  1% 210856 52991 168%
c B 23.68 426 61 16 303  1 74233 19194 1.4 24 17 10 19  1% 210856 52991 168%
c - 23.75 426 61 17 303  1 74949 17070 1.4 24 17 10 19  1% 210856 52991 168%
c f 24.09 426 61 17 303  1 74949 17070 1.4 24 17 10 19  1% 210495 53151 169%
c ] 24.22 426 60 17 304  1 76514 18263 1.4 25 18 10 19  1% 210495 53151 169%
c { 24.22 426 58 17 304  2 76514 18263 1.6 19 12 9 16  2% 210495 53151 169%
c - 24.59 426 50 18 410  2 84011 20767 1.6 18 11 9 16  2% 210495 53151 169%
c s 25.14 426 47 18 488  2 88167 19085 1.6 18 11 9 16  2% 210495 53151 169%
c e 25.80 428 47 18 488  2 88167 16216 1.6 18 11 9 16  2% 219227 44192 140%
c s 25.94 428 47 18 488  2 88167 15995 1.6 18 11 9 16  2% 219167 44192 140%
c 
c  seconds   reductions  conflicts        size   tier2         variables
c          MB     restarts     redundant     glue    trail          remaining
c           level      rate         size/glue  tier1   irredundant
c 
c e 26.04 428 47 18 488  2 88167 15995 1.6 18 11 9 16  2% 219097 44152 140%
c - 26.50 428 43 19 562  2 93602 17403 1.6 18 11 9 16  2% 219097 44152 140%
c } 26.66 428 42 19 606  2 95418 18543 1.6 18 11 9 16  2% 219097 44152 140%
c [ 26.66 428 60 19 606  1 95418 18543 1.4 25 18 10 19  1% 219097 44152 140%
c W 27.58 428 55 19 609  1 102148 23632 1.4 25 18 10 19  1% 219097 44152 140%
c - 27.70 428 54 20 610  1 103855 21871 1.4 25 18 10 19  1% 219097 44152 140%
c f 27.99 428 54 20 610  1 103855 21871 1.4 25 18 10 19  1% 216776 45104 143%
c ] 28.49 428 48 20 616  1 111606 27654 1.4 25 17 10 19  1% 216776 45104 143%
c { 28.49 428 42 20 616  2 111606 27654 1.6 18 11 9 16  2% 216776 45104 143%
c - 28.70 428 40 21 697  2 114655 26188 1.7 18 11 9 16  2% 216776 45104 143%
c s 29.29 428 37 21 856  2 120523 27048 1.7 18 11 9 16  2% 216712 45104 143%
c e 29.52 428 37 21 856  2 120523 26898 1.7 18 11 9 16  2% 217006 44412 141%
c s 29.69 428 37 21 856  2 120523 26547 1.7 18 11 9 16  2% 216991 44412 141%
c e 29.77 428 37 21 856  2 120523 26547 1.7 18 11 9 16  2% 216922 44387 141%
c - 30.10 428 35 22 915  2 125967 27589 1.7 18 11 9 16  2% 216922 44387 141%
c 
c caught signal 2 (SIGINT)
c 
c --- [ result ] -------------------------------------------------------------
c 
c UNKNOWN
c 
c --- [ run-time profiling ] -------------------------------------------------
c 
c process time taken by individual solving procedures
c (percentage relative to process time for solving)
c 
c        17.08   57.35% search
c        12.43   41.73% simplify
c        10.58   35.53% stable
c         7.26   24.38% autarky
c         5.62   18.85% preprocess
c         5.30   17.79% unstable
c         3.23   10.83% factor
c         1.98    6.65% fastelim
c         1.92    6.45% elim
c         1.38    4.62% subsume
c         1.18    3.97% walk
c         0.95    3.19% congruence
c         0.57    1.91% sweep
c         0.51    1.72% parse
c         0.14    0.47% backbone
c         0.05    0.18% probe
c         0.02    0.05% lucky
c   =================================
c        29.79   98.30% solve
c 
c last line shows process time for solving
c (percentage relative to total process time)
c 
c --- [ statistics ] ---------------------------------------------------------
c 
c autarkies:                 17931        21.84 %  of vars
c   autartried:                  9     14243.33    per interval
c   autarrounds:                 5         0.56    per tried
c   autarsaved:          271153866   54230773.20    per success
c blocked:                       0         0.00 %  of irredundant clauses
c   blockings:                   0         0.00    internal
c   candidates:                  0         0.00    per blocking 
c   blockres:                    0         0.00    per candidate
c   pure:                        0         0.00 %  of all variables
c   pureclauses:                 0         0.00    per pure literal
c chronological:             30895        24.10 %  of conflicts
c compacts:                      4     32047.50    interval
c conflicts:                128190      4303.35    per second
c   backtracked:            138042       107.69 %  of conflicts
c inc-decay:                     0         0.00 %   per search
c backbone:                 677612       825.51 %  of vars
c    rounds:                    25         0.64    per phase
c    phases:                    39      3286.92    interval
c    units:                      0         0.00    per phase
c dedup-init-rnds:               0         0.00 %  of interval
c dedup-init:                    0         0.00 %  of subsumed
c conditioned:                   0         0.00 %  of irredundant clauses
c   conditionings:               0         0.00    interval
c   condcands:                   0         0.00    candidate clauses
c   condassinit:                 0.0       0.00 %  initial assigned
c   condcondinit:                0.0       0.00 %  initial condition
c   condautinit:                 0.0       0.00 %  initial autarky
c   condassrem:                  0.0       0.00 %  final assigned
c   condcondrem:                 0.000     0.00 %  final conditional
c   condautrem:                  0.000     0.00 %  final autarky
c   condprops:                   0         0.00    per candidate
c covered:                       0         0.00 %  of irredundant clauses
c   coverings:                   0         0.00    interval
c   asymmetric:                  0         0.00 %  of covered clauses
c   blocked:                     0         0.00 %  of covered clauses
c decisions:                215665      7239.90    per second
c   searched:               793747         3.68    per decision
c rand. dec phase:              13         0.00    per interval
c random decs:                1304       100.31    per phase
c eliminated:                37684        45.91 %  of all variables
c   fastelim:                 8570        22.74 %  of eliminated
c   elimphases:                  7     18312.86    interval
c   elimrounds:                 13         1.86    per phase
c   elimtried:              329033        11.45 %  eliminated
c   elimgates:                   5         0.00 %  gates per tried
c   elimequivs:                  0         0.00 %  equivalence gates
c   elimands:                    5       100.00 %  and gates
c   elimites:                    0         0.00 %  if-then-else gates
c   elimxors:                    0         0.00 %  xor gates
c   elimdefs:                    0         0.00 %  definitions
c   elimsubst:                   2         0.01 %  substituted
c   elimsubstequi:               0         0.00 %  equivalence gates
c   elimsubstands:             543     27150.00 %  and gates
c   elimsubstites:               0         0.00 %  if-then-else gates
c   elimsubstxors:               0         0.00 %  xor gates
c   elimsubstdefs:               0         0.00 %  definitions
c   elimres:               3956851       105.00    per eliminated
c   elimrestried:          2181801        55.14 %  per resolution
c   def checked:                 0         0.00    per phase
c   def extracted:               0         0.00 %  per checked
c   def units:                   0         0.00 %  per checked
c ext.prop. calls:               0         0.00 %  of queries
c   propagating:                 0         0.00 %  per eprop-call
c   explained:                   0         0.00 %  per eprop-call
c   falsified:                   0         0.00 %  per eprop-call
c ext.clause calls:              0         0.00 %  of queries
c   learned:                     0         0.00 %  per called
c   conflicting:                 0         0.00 %  per learned
c   propagating:                 0         0.00 %  per learned
c ext.final check:               0         0.00 %  of queries
c factored:                  50580       112.14 %  of variables
c   ands:                    50580       100.00 %  of factored
c   xors:                        0         0.00 %  of factored
c   ites:                        0         0.00 %  of factored
c   eliminated:              25654        50.72 %  of factored
c   factor:                      4     32047.50    conflict interval
c   cls factored:           488462         9.66    per factored
c   lits factored:          977103        19.32    per factored
c   cls unfactored:        1019702        20.16    per factored
c   cls redundant:               0         0.00 %  of unfactored
c   lits unfactored:       2039981        40.33    per factored
c fixed:                        13         0.02 %  of all variables
c   failed:                      0         0.00 %  of all variables
c   probefailed:                 0         0.00 %  per failed
c   transredunits:               0         0.00 %  per failed
c   inprobephases:              19      6746.84    interval
c   inprobesuccess:              3        15.79 %  phases
c   probingrounds:              19         1.00    per phase
c   probed:                      1         0.00    per failed
c   hbrs:                        0         0.00    per probed
c   hbrsizes:                    0         0.00    per hbr
c   hbreds:                      0         0.00 %  per hbr
c   hbrsubs:                     0         0.00 %  per hbr
c   units:                       1    128190.00    interval
c   binaries:                    6     21365.00    interval
c flushed:                       0         0.00 %  per conflict
c   hyper:                       0         0.00 %  per conflict
c   flushings:                   0         0.00    interval
c instantiated:                  0         0.00 %  of tried
c   instrounds:                  0         0.00 %  of elimrounds
c learned:                  124952        97.47 %  per conflict
c   bumped:                1458102        11.67    per learned
c   recomputed:             399770       319.94 %  per learned
c   promoted1:                7498         6.00 %  per learned
c   promoted2:                1912         1.53 %  per learned
c   improvedglue:            53879        43.12 %  per learned
c lucky:                         0         0.00 %  of tried
c   constantzero                 0         0.00 %  of tried
c   constantone                  0         0.00 %  of tried
c   backwardone                  2       100.00 %  of tried
c   backwardzero                 2       100.00 %  of tried
c   forwardone                   2       100.00 %  of tried
c   forwardzero                  2       100.00 %  of tried
c   positivehorn                 0         0.00 %  of tried
c   negativehorn                 0         0.00 %  of tried
c   units:                       0         0.00  of tried
c   extendbytes:         269669600       257.18    bytes and MB
c learned_lits:            5728684       100.00 %  learned literals
c minimized:                     0         0.00 %  learned literals
c shrunken:                2755137        48.09 %  learned literals
c minishrunken:             337962         5.90 %  learned literals
c otfs:                        268         0.21 %  of conflict
c   subsumed                     8         0.01 %  of conflict
c   strengthened               260         0.20 %  of conflict
c propagations:           18793569         0.63 M  per second
c   coverprops:                  0         0.00 %  of propagations
c   probeprops:                177         0.00 %  of propagations
c   searchprops:          17107735        91.03 %  of propagations
c   transredprops:         1685657         8.97 %  of propagations
c   vivifyprops:                 0         0.00 %  of propagations
c reactivated:                   0         0.00 %  of all variables
c reduced:                   35687        27.84 %  per conflict
c   reductions:                 22      5826.82    interval
c   sqrt scheme:                 0         0.00 %  reductions
c   prct scheme:                 0         0.00 %  reductions
c   collections:                27      4747.78    interval
c rephased:                      9     14243.33    interval
c   rephasedbest:                3        33.33 %  rephased best
c   rephasedflip:                1        11.11 %  rephased flipping
c   rephasedinv:                 1        11.11 %  rephased inverted
c   rephasedorig:                0         0.00 %  rephased original
c   rephasedrand:                1        11.11 %  rephased random
c   rephasedwalk:                3        33.33 %  rephased walk
c rescored:                      7     18312.86    interval
c restarts:                    929       137.99    interval
c   reused:                    836        89.99 %  per restart
c   reusedlevels:             6598        11.79 %  per restart levels
c restored:                      0         0.00 %  per weakened
c   restorations:                0         0.00 %  per extension
c   literals:                    0         0.00    per restored clause
c stabilizing:                   7        42.49 %  of conflicts
c   restartstab:                28         3.01 %  of all restarts
c   reusedstab:                 20        71.43 %  per stable restarts
c substituted:                   0         0.00 %  of all variables
c   decompositions:             19         1.00    per phase
c sweep equivs:                  0         0.00 %  of swept variables
c   sweepings:                   3       385.00    vars per sweeping
c   swept vars:               1155         1.41 %  of all variables
c   sweep units:                 0         0.00 %  of all variables
c   solved:                   9601         8.31    per swept variable
c   sat:                      9311        96.98 %  solved
c   unsat:                     290         3.02 %  solved
c   backbone solved:          6566        68.39 %  solved
c     sat:                    6566       100.00 %  backbone solved
c     unsat:                     0         0.00 %  backbone solved
c     unknown:                   0         0.00 %  backbone solved
c     fixed:                     0         0.00   per swept variable
c     flip:                 160918       139.32   per swept variable
c     flipped:              113203        70.35 %  of backbone flip
c   equiv solved:             1880        19.58 %  solved
c     sat:                    1590        84.57 %  equiv solved
c     unsat:                   290        15.43 %  equiv solved
c     unknown:                   0         0.00 %  equiv solved
c     flip:                  69466        60.14    per swept variable
c     flipped:               76180       109.67 %  of equiv flip
c   depth:                    2310         2.00    per swept variable
c   environment:            124943       108.18    per swept variable
c   clauses:                 82403        71.34    per swept variable
c   completed:                   0         0.00    sweeps to complete
c subsumed:                  54557         3.57 %  of all clauses
c   subsumephases:               7     18312.86    interval
c   subsumerounds:              20         2.86    per phase
c   deduplicated:                0         0.00 %  per subsumed
c   transreds:                  26      4930.38    interval
c   transitive:                  0         0.00 %  per subsumed
c   subirr:                    776         1.42 %  of subsumed
c   subred:                  18718        34.31 %  of subsumed
c   subtried:               234221         4.29    tried per subsumed
c   subchecks:            35281213       150.63    per tried
c   subchecks2:               3920         0.01 %  per subcheck
c   elimotfsub:                  0         0.00 %  of subsumed
c   elimbwsub:                 864         1.58 %  of subsumed
c   eagersub:                34191        62.67 %  of subsumed
c   eagertried:            2748900        80.40    tried per eagersub
c strengthened:              26279         1.72 %  of all clauses
c   elimotfstr:               5263        20.03 %  of strengthened
c   elimbwstr:                1560         5.94 %  of strengthened
c ternary:                       0         0.00 %  of resolved
c   phases:                      0         0.00    interval
c   htr3:                        0         0.00 %  ternary hyper ternres
c   htr2:                        0         0.00 %  binary hyper ternres
c ticks:                 218277196        12.76    propagation
c  searchticks:           93547306        42.86 %  totalticks
c    stableticks:         40440556        43.23 %  searchticks
c    unstableticks:       53106750        56.77 %  searchticks
c  inprobeticks:         124729890        57.14 %  totalticks
c    backboneticks:        1882981         2.01 %  searchticks
c    factorticks:        112544841       120.31 %  searchticks
c    probeticks:           6048782         6.47 %  searchticks
c    sweepticks:           4253286         4.55 %  searchticks
c    ternaryticks:               0         0.00 %  searchticks
c    vivifyticks:                0         0.00 %  searchticks
c    walkticks:            5812099         6.21 %  searchticks
c    walkflipticks:        1480665         1.58 %  searchticks
c    walkflipbrk:           478336         0.51 %  searchticks
c    walkflipWL:           1002329         1.07 %  searchticks
c    walkpickticks:              0         0.00 %  searchticks
c    walkbreak:                  0         0.00 %  searchticks
c tier recomputed:              16      8011.88    interval
c trail reuses:                  0         0.00 %  of incremental calls
c   levels:                      0         0.00    per reuse
c   literals:                    0         0.00    per reuse
c   assumptions:                 0         0.00    per reuse
c vivified:                      0         0.00 %  of all clauses
c   vivifications:               0         0.00    interval
c   vivifychecks:                0         0.00 %  per conflict
c   vivified:                    0         0.00 %  per check
c   vified-irred:                0         0.00 %  per vivified
c   vified-tier1:                0         0.00 %  per vivified
c   vified-tier2:                0         0.00 %  per vivified
c   vified-tier3:                0         0.00 %  per vivified
c   vivifysched:                 0         0.00 %  checks per scheduled
c   vivifyunits:                 0         0.00 %  per vivify check
c   vivifyinst:                  0         0.00 %  per vivify check
c   vivifysubs:                  0         0.00 %  per subsumed
c   vivifyflushed:               0         0.00 %  per subsumed
c   vivifysubred:                0         0.00 %  per subs
c   vivifysubirr:                0         0.00 %  per subs
c   vivifystrs:                  0         0.00 %  per strengthened
c   vivifystrirr:                0         0.00 %  per vivifystrs
c   vivifystred1:                0         0.00 %  per vivifystrs
c   vivifystred2:                0         0.00 %  per viviyfstrs
c   vivifystred3:                0         0.00 %  per vivifystrs
c   vivifydemote:                0         0.00 %  per vivifystrs
c   vivifydecs:                  0         0.00    per checks
c   vivifyreused:                0         0.00 %  per non-reused decision
c walked:                        3     42730.00    interval
c   prop-warmup:            176826     58942.00    per warmup
c   dec-warmup:              35549     11849.67    per warmup
c   dummydec-w:               5597      1865.67    per warmup
c   conflicts:                1458       486.00    per warmup
c   warmup:                      3         1.00    per walk
c   flips:                  206699         0.17 M  per second
c   minimum:                    72         0.01 %  clauses
c   broken:               27082258       131.02    per flip
c   improved:                    3         1.00    per walk
c   wrv-flip:               206699       100.00 % flip
c   side-flip:                   0         0.00 % flip
c   wght-transfer:            2262         1.09 % flip
c weakened:                 101144         3.40    average size
c   extensions:                  0         0.00    interval
c   flipped:                     0         0.00    per weakened
c congruence:                    5     25638.00    interval
c    units:                      0         0.00    per congruent
c    cong-and:                   0         0.00    per found gates
c    cong-ite:                   0         0.00    per found gates
c    cong-xor:                   0         0.00    per found gates
c    congruent:                  0         0.00    per round
c    unaries:                    0         0.00    per round
c    rewritten:                  0         0.00    per round
c    rewri.-ands:                0         0.00    per rewritten
c    rewri.-xors:                0         0.00%  per rewritten
c    rewri.-ites:                0         0.00%  per rewritten
c    subsumed:                   0         0.00%  per round
c    dummy-ands:                 0         0.00%  per round
c 
c seconds are measured in process time for solving
c 
c --- [ glue usage ] ---------------------------------------------------------
c 
c focused glue 8 used 29394 clauses 14.53% accumulated 59.93% tier1
c focused glue 9 used 21210 clauses 10.48% accumulated 70.42%
c focused glue 10 used 14154 clauses 6.999% accumulated 77.42% tier2
c 
c stable glue 10 used 10988 clauses 5.562% accumulated 57.44% tier1
c stable glue 11 used 9879 clauses 5.000% accumulated 62.44%
c stable glue 12-17 used 39306 clauses 19.89% accumulated 82.34%
c stable glue 18 used 4097 clauses 2.073% accumulated 84.41%
c stable glue 19 used 3545 clauses 1.794% accumulated 86.21% tier2
c 
c 
c --- [ resources ] ----------------------------------------------------------
c 
c total process time since initialization:        30.30    seconds
c total real time since initialization:           30.31    seconds
c maximum resident set size of process:          682.33    MB
c 
c raising signal 2 (SIGINT)
